Archive member included to satisfy reference by file (symbol)

c:/program files (x86)/microchip/xc8/v2.10/avr/bin/../lib/gcc/avr/5.4.0/avrxmega3\libgcc.a(_exit.o)
                              C:/Program Files (x86)/Microchip/MPLABX/v5.25/packs/Microchip/ATmega_DFP/2.0.12/gcc/dev/atmega4809/avrxmega3/crtatmega4809.o (exit)
c:/program files (x86)/microchip/xc8/v2.10/avr/bin/../lib/gcc/avr/5.4.0/avrxmega3\libgcc.a(_copy_data.o)
                              build/default/debug/mcc_generated_files/src/usart3.o (__do_copy_data)
c:/program files (x86)/microchip/xc8/v2.10/avr/bin/../lib/gcc/avr/5.4.0/../../../../avr/lib/avrxmega3\libc.a(iob.o)
                              build/default/debug/mcc_generated_files/src/usart3.o (__iob)

Allocating common symbols
Common symbol       size              file

__iob               0x6               c:/program files (x86)/microchip/xc8/v2.10/avr/bin/../lib/gcc/avr/5.4.0/../../../../avr/lib/avrxmega3\libc.a(iob.o)

Discarded input sections

 .data          0x00000000        0x0 C:/Program Files (x86)/Microchip/MPLABX/v5.25/packs/Microchip/ATmega_DFP/2.0.12/gcc/dev/atmega4809/avrxmega3/crtatmega4809.o
 .bss           0x00000000        0x0 C:/Program Files (x86)/Microchip/MPLABX/v5.25/packs/Microchip/ATmega_DFP/2.0.12/gcc/dev/atmega4809/avrxmega3/crtatmega4809.o
 .text          0x00000000        0x0 build/default/debug/mcc_generated_files/src/pin_manager.o
 .data          0x00000000        0x0 build/default/debug/mcc_generated_files/src/pin_manager.o
 .bss           0x00000000        0x0 build/default/debug/mcc_generated_files/src/pin_manager.o
 .text.PORTA_PA2_DefaultInterruptHandler
                0x00000000        0x2 build/default/debug/mcc_generated_files/src/pin_manager.o
 .text.PORTA_PA1_DefaultInterruptHandler
                0x00000000        0x2 build/default/debug/mcc_generated_files/src/pin_manager.o
 .text.PORTC_PC3_DefaultInterruptHandler
                0x00000000        0xc build/default/debug/mcc_generated_files/src/pin_manager.o
 .text.PORTA_PA3_DefaultInterruptHandler
                0x00000000        0xc build/default/debug/mcc_generated_files/src/pin_manager.o
 .text.PORTE_IO_PE0_DefaultInterruptHandler
                0x00000000        0x2 build/default/debug/mcc_generated_files/src/pin_manager.o
 .text.PORTF_PF1_DefaultInterruptHandler
                0x00000000        0x2 build/default/debug/mcc_generated_files/src/pin_manager.o
 .text.PORTF_PF0_DefaultInterruptHandler
                0x00000000        0x2 build/default/debug/mcc_generated_files/src/pin_manager.o
 .text.PORTE_IO_PE2_DefaultInterruptHandler
                0x00000000        0x2 build/default/debug/mcc_generated_files/src/pin_manager.o
 .text.PORTC_PC0_DefaultInterruptHandler
                0x00000000        0x2 build/default/debug/mcc_generated_files/src/pin_manager.o
 .text.PORTD_PD1_DefaultInterruptHandler
                0x00000000        0x2 build/default/debug/mcc_generated_files/src/pin_manager.o
 .text.PORTF_PF3_DefaultInterruptHandler
                0x00000000        0x2 build/default/debug/mcc_generated_files/src/pin_manager.o
 .text.PORTE_IO_PE1_DefaultInterruptHandler
                0x00000000        0x2 build/default/debug/mcc_generated_files/src/pin_manager.o
 .text.PORTD_PD0_DefaultInterruptHandler
                0x00000000        0x2 build/default/debug/mcc_generated_files/src/pin_manager.o
 .text.PORTA_PA0_DefaultInterruptHandler
                0x00000000        0x2 build/default/debug/mcc_generated_files/src/pin_manager.o
 .text.PORTC_PC2_DefaultInterruptHandler
                0x00000000        0x2 build/default/debug/mcc_generated_files/src/pin_manager.o
 .text.PORTD_PD3_DefaultInterruptHandler
                0x00000000        0x2 build/default/debug/mcc_generated_files/src/pin_manager.o
 .text.PORTB_PB1_DefaultInterruptHandler
                0x00000000        0x2 build/default/debug/mcc_generated_files/src/pin_manager.o
 .text.PORTE_IO_PE3_DefaultInterruptHandler
                0x00000000        0x2 build/default/debug/mcc_generated_files/src/pin_manager.o
 .text.PORTC_PC1_DefaultInterruptHandler
                0x00000000        0x2 build/default/debug/mcc_generated_files/src/pin_manager.o
 .text.PORTB_PB0_DefaultInterruptHandler
                0x00000000        0x2 build/default/debug/mcc_generated_files/src/pin_manager.o
 .text.PORTA_PA2_SetInterruptHandler
                0x00000000        0x2 build/default/debug/mcc_generated_files/src/pin_manager.o
 .text.PORTA_PA1_SetInterruptHandler
                0x00000000        0x2 build/default/debug/mcc_generated_files/src/pin_manager.o
 .text.PORTC_PC3_SetInterruptHandler
                0x00000000        0x2 build/default/debug/mcc_generated_files/src/pin_manager.o
 .text.PORTA_PA3_SetInterruptHandler
                0x00000000        0x2 build/default/debug/mcc_generated_files/src/pin_manager.o
 .text.PORTE_IO_PE0_SetInterruptHandler
                0x00000000        0x2 build/default/debug/mcc_generated_files/src/pin_manager.o
 .text.PORTF_PF1_SetInterruptHandler
                0x00000000        0x2 build/default/debug/mcc_generated_files/src/pin_manager.o
 .text.PORTF_PF0_SetInterruptHandler
                0x00000000        0x2 build/default/debug/mcc_generated_files/src/pin_manager.o
 .text.PORTE_IO_PE2_SetInterruptHandler
                0x00000000        0x2 build/default/debug/mcc_generated_files/src/pin_manager.o
 .text.PORTC_PC0_SetInterruptHandler
                0x00000000        0x2 build/default/debug/mcc_generated_files/src/pin_manager.o
 .text.PORTD_PD1_SetInterruptHandler
                0x00000000        0x2 build/default/debug/mcc_generated_files/src/pin_manager.o
 .text.PORTF_PF3_SetInterruptHandler
                0x00000000        0x2 build/default/debug/mcc_generated_files/src/pin_manager.o
 .text.PORTE_IO_PE1_SetInterruptHandler
                0x00000000        0x2 build/default/debug/mcc_generated_files/src/pin_manager.o
 .text.PORTD_PD0_SetInterruptHandler
                0x00000000        0x2 build/default/debug/mcc_generated_files/src/pin_manager.o
 .text.PORTA_PA0_SetInterruptHandler
                0x00000000        0x2 build/default/debug/mcc_generated_files/src/pin_manager.o
 .text.PORTC_PC2_SetInterruptHandler
                0x00000000        0x2 build/default/debug/mcc_generated_files/src/pin_manager.o
 .text.PORTD_PD3_SetInterruptHandler
                0x00000000        0x2 build/default/debug/mcc_generated_files/src/pin_manager.o
 .text.PORTB_PB1_SetInterruptHandler
                0x00000000        0x2 build/default/debug/mcc_generated_files/src/pin_manager.o
 .text.PORTE_IO_PE3_SetInterruptHandler
                0x00000000        0x2 build/default/debug/mcc_generated_files/src/pin_manager.o
 .text.PORTC_PC1_SetInterruptHandler
                0x00000000        0x2 build/default/debug/mcc_generated_files/src/pin_manager.o
 .text.PORTB_PB0_SetInterruptHandler
                0x00000000        0x2 build/default/debug/mcc_generated_files/src/pin_manager.o
 .bss.rotation  0x00000000        0x1 build/default/debug/mcc_generated_files/src/pin_manager.o
 .text          0x00000000        0x0 build/default/debug/mcc_generated_files/src/cpuint.o
 .data          0x00000000        0x0 build/default/debug/mcc_generated_files/src/cpuint.o
 .bss           0x00000000        0x0 build/default/debug/mcc_generated_files/src/cpuint.o
 .text          0x00000000        0x0 build/default/debug/mcc_generated_files/src/protected_io.o
 .data          0x00000000        0x0 build/default/debug/mcc_generated_files/src/protected_io.o
 .bss           0x00000000        0x0 build/default/debug/mcc_generated_files/src/protected_io.o
 .text          0x00000000        0x0 build/default/debug/mcc_generated_files/src/ccl.o
 .data          0x00000000        0x0 build/default/debug/mcc_generated_files/src/ccl.o
 .bss           0x00000000        0x0 build/default/debug/mcc_generated_files/src/ccl.o
 .text          0x00000000        0x0 build/default/debug/mcc_generated_files/src/usart3.o
 .data          0x00000000        0x0 build/default/debug/mcc_generated_files/src/usart3.o
 .bss           0x00000000        0x0 build/default/debug/mcc_generated_files/src/usart3.o
 .text.USART3_SetISRCb
                0x00000000       0x1e build/default/debug/mcc_generated_files/src/usart3.o
 .text.USART3_SetRXISRCb
                0x00000000        0xa build/default/debug/mcc_generated_files/src/usart3.o
 .text.USART3_SetTXISRCb
                0x00000000        0xa build/default/debug/mcc_generated_files/src/usart3.o
 .text.USART3_IsTxReady
                0x00000000        0xe build/default/debug/mcc_generated_files/src/usart3.o
 .text.USART3_IsRxReady
                0x00000000        0xe build/default/debug/mcc_generated_files/src/usart3.o
 .text.USART3_IsTxBusy
                0x00000000       0x10 build/default/debug/mcc_generated_files/src/usart3.o
 .text.USART3_IsTxDone
                0x00000000        0xc build/default/debug/mcc_generated_files/src/usart3.o
 .text.USART3_Read
                0x00000000       0x32 build/default/debug/mcc_generated_files/src/usart3.o
 .text.USART3_Enable
                0x00000000        0xc build/default/debug/mcc_generated_files/src/usart3.o
 .text.USART3_EnableRx
                0x00000000        0xc build/default/debug/mcc_generated_files/src/usart3.o
 .text.USART3_EnableTx
                0x00000000        0xc build/default/debug/mcc_generated_files/src/usart3.o
 .text.USART3_Disable
                0x00000000        0xc build/default/debug/mcc_generated_files/src/usart3.o
 .text.USART3_GetData
                0x00000000        0x6 build/default/debug/mcc_generated_files/src/usart3.o
 .text          0x00000000        0x0 build/default/debug/mcc_generated_files/mcc.o
 .data          0x00000000        0x0 build/default/debug/mcc_generated_files/mcc.o
 .bss           0x00000000        0x0 build/default/debug/mcc_generated_files/mcc.o
 .text          0x00000000        0x0 build/default/debug/mcc_generated_files/device_config.o
 .data          0x00000000        0x0 build/default/debug/mcc_generated_files/device_config.o
 .bss           0x00000000        0x0 build/default/debug/mcc_generated_files/device_config.o
 .text          0x00000000        0x0 build/default/debug/main.o
 .data          0x00000000        0x0 build/default/debug/main.o
 .bss           0x00000000        0x0 build/default/debug/main.o
 .text          0x00000000        0x0 build/default/debug/actuator.o
 .data          0x00000000        0x0 build/default/debug/actuator.o
 .bss           0x00000000        0x0 build/default/debug/actuator.o
 .text.actuator_toggle
                0x00000000       0x18 build/default/debug/actuator.o
 .text          0x00000000        0x0 build/default/debug/stepper.o
 .data          0x00000000        0x0 build/default/debug/stepper.o
 .bss           0x00000000        0x0 build/default/debug/stepper.o
 .text.cc_step  0x00000000       0x32 build/default/debug/stepper.o
 .text          0x00000000        0x0 c:/program files (x86)/microchip/xc8/v2.10/avr/bin/../lib/gcc/avr/5.4.0/avrxmega3\libgcc.a(_exit.o)
 .data          0x00000000        0x0 c:/program files (x86)/microchip/xc8/v2.10/avr/bin/../lib/gcc/avr/5.4.0/avrxmega3\libgcc.a(_exit.o)
 .bss           0x00000000        0x0 c:/program files (x86)/microchip/xc8/v2.10/avr/bin/../lib/gcc/avr/5.4.0/avrxmega3\libgcc.a(_exit.o)
 .text.libgcc.mul
                0x00000000        0x0 c:/program files (x86)/microchip/xc8/v2.10/avr/bin/../lib/gcc/avr/5.4.0/avrxmega3\libgcc.a(_exit.o)
 .text.libgcc.div
                0x00000000        0x0 c:/program files (x86)/microchip/xc8/v2.10/avr/bin/../lib/gcc/avr/5.4.0/avrxmega3\libgcc.a(_exit.o)
 .text.libgcc   0x00000000        0x0 c:/program files (x86)/microchip/xc8/v2.10/avr/bin/../lib/gcc/avr/5.4.0/avrxmega3\libgcc.a(_exit.o)
 .text.libgcc.prologue
                0x00000000        0x0 c:/program files (x86)/microchip/xc8/v2.10/avr/bin/../lib/gcc/avr/5.4.0/avrxmega3\libgcc.a(_exit.o)
 .text.libgcc.builtins
                0x00000000        0x0 c:/program files (x86)/microchip/xc8/v2.10/avr/bin/../lib/gcc/avr/5.4.0/avrxmega3\libgcc.a(_exit.o)
 .text.libgcc.fmul
                0x00000000        0x0 c:/program files (x86)/microchip/xc8/v2.10/avr/bin/../lib/gcc/avr/5.4.0/avrxmega3\libgcc.a(_exit.o)
 .text.libgcc.fixed
                0x00000000        0x0 c:/program files (x86)/microchip/xc8/v2.10/avr/bin/../lib/gcc/avr/5.4.0/avrxmega3\libgcc.a(_exit.o)
 .text          0x00000000        0x0 c:/program files (x86)/microchip/xc8/v2.10/avr/bin/../lib/gcc/avr/5.4.0/avrxmega3\libgcc.a(_copy_data.o)
 .data          0x00000000        0x0 c:/program files (x86)/microchip/xc8/v2.10/avr/bin/../lib/gcc/avr/5.4.0/avrxmega3\libgcc.a(_copy_data.o)
 .bss           0x00000000        0x0 c:/program files (x86)/microchip/xc8/v2.10/avr/bin/../lib/gcc/avr/5.4.0/avrxmega3\libgcc.a(_copy_data.o)
 .text.libgcc.mul
                0x00000000        0x0 c:/program files (x86)/microchip/xc8/v2.10/avr/bin/../lib/gcc/avr/5.4.0/avrxmega3\libgcc.a(_copy_data.o)
 .text.libgcc.div
                0x00000000        0x0 c:/program files (x86)/microchip/xc8/v2.10/avr/bin/../lib/gcc/avr/5.4.0/avrxmega3\libgcc.a(_copy_data.o)
 .text.libgcc   0x00000000        0x0 c:/program files (x86)/microchip/xc8/v2.10/avr/bin/../lib/gcc/avr/5.4.0/avrxmega3\libgcc.a(_copy_data.o)
 .text.libgcc.prologue
                0x00000000        0x0 c:/program files (x86)/microchip/xc8/v2.10/avr/bin/../lib/gcc/avr/5.4.0/avrxmega3\libgcc.a(_copy_data.o)
 .text.libgcc.builtins
                0x00000000        0x0 c:/program files (x86)/microchip/xc8/v2.10/avr/bin/../lib/gcc/avr/5.4.0/avrxmega3\libgcc.a(_copy_data.o)
 .text.libgcc.fmul
                0x00000000        0x0 c:/program files (x86)/microchip/xc8/v2.10/avr/bin/../lib/gcc/avr/5.4.0/avrxmega3\libgcc.a(_copy_data.o)
 .text.libgcc.fixed
                0x00000000        0x0 c:/program files (x86)/microchip/xc8/v2.10/avr/bin/../lib/gcc/avr/5.4.0/avrxmega3\libgcc.a(_copy_data.o)
 .text          0x00000000        0x0 c:/program files (x86)/microchip/xc8/v2.10/avr/bin/../lib/gcc/avr/5.4.0/../../../../avr/lib/avrxmega3\libc.a(iob.o)
 .data          0x00000000        0x0 c:/program files (x86)/microchip/xc8/v2.10/avr/bin/../lib/gcc/avr/5.4.0/../../../../avr/lib/avrxmega3\libc.a(iob.o)
 .bss           0x00000000        0x0 c:/program files (x86)/microchip/xc8/v2.10/avr/bin/../lib/gcc/avr/5.4.0/../../../../avr/lib/avrxmega3\libc.a(iob.o)

Memory Configuration

Name             Origin             Length             Attributes
text             0x00000000         0x0000c000         xr
data             0x00802800         0x00001800         rw !x
eeprom           0x00810000         0x00000100         rw !x
fuse             0x00820000         0x00000009         rw !x
lock             0x00830000         0x00000400         rw !x
signature        0x00840000         0x00000400         rw !x
user_signatures  0x00850000         0x00000400         rw !x
*default*        0x00000000         0xffffffff

Linker script and memory map

Address of section .data set to 0x802800
                0x00004000                __RODATA_PM_OFFSET__ = 0x4000
LOAD C:/Program Files (x86)/Microchip/MPLABX/v5.25/packs/Microchip/ATmega_DFP/2.0.12/gcc/dev/atmega4809/avrxmega3/crtatmega4809.o
                0x00000001                __MPLAB_BUILD = 0x1
LOAD build/default/debug/mcc_generated_files/src/pin_manager.o
LOAD build/default/debug/mcc_generated_files/src/cpuint.o
LOAD build/default/debug/mcc_generated_files/src/protected_io.o
LOAD build/default/debug/mcc_generated_files/src/ccl.o
LOAD build/default/debug/mcc_generated_files/src/usart3.o
LOAD build/default/debug/mcc_generated_files/mcc.o
LOAD build/default/debug/mcc_generated_files/device_config.o
LOAD build/default/debug/main.o
LOAD build/default/debug/actuator.o
LOAD build/default/debug/stepper.o
START GROUP
LOAD c:/program files (x86)/microchip/xc8/v2.10/avr/bin/../lib/gcc/avr/5.4.0/../../../../avr/lib/avrxmega3\libm.a
END GROUP
                0x00000001                __MPLAB_DEBUG = 0x1
                0x00000001                __DEBUG = 0x1
START GROUP
LOAD c:/program files (x86)/microchip/xc8/v2.10/avr/bin/../lib/gcc/avr/5.4.0/avrxmega3\libgcc.a
LOAD c:/program files (x86)/microchip/xc8/v2.10/avr/bin/../lib/gcc/avr/5.4.0/../../../../avr/lib/avrxmega3\libm.a
LOAD c:/program files (x86)/microchip/xc8/v2.10/avr/bin/../lib/gcc/avr/5.4.0/../../../../avr/lib/avrxmega3\libc.a
LOAD C:/Program Files (x86)/Microchip/MPLABX/v5.25/packs/Microchip/ATmega_DFP/2.0.12/gcc/dev/atmega4809/avrxmega3\libatmega4809.a
END GROUP
                [0x00000000]                __TEXT_REGION_ORIGIN__ = DEFINED (__TEXT_REGION_ORIGIN__)?__TEXT_REGION_ORIGIN__:0x0
                [0x00802800]                __DATA_REGION_ORIGIN__ = DEFINED (__DATA_REGION_ORIGIN__)?__DATA_REGION_ORIGIN__:0x802000
                [0x0000c000]                __TEXT_REGION_LENGTH__ = DEFINED (__TEXT_REGION_LENGTH__)?__TEXT_REGION_LENGTH__:0x100000
                [0x00001800]                __DATA_REGION_LENGTH__ = DEFINED (__DATA_REGION_LENGTH__)?__DATA_REGION_LENGTH__:0xffa0
                [0x00000100]                __EEPROM_REGION_LENGTH__ = DEFINED (__EEPROM_REGION_LENGTH__)?__EEPROM_REGION_LENGTH__:0x10000
                [0x00000009]                __FUSE_REGION_LENGTH__ = DEFINED (__FUSE_REGION_LENGTH__)?__FUSE_REGION_LENGTH__:0x400
                0x00000400                __LOCK_REGION_LENGTH__ = DEFINED (__LOCK_REGION_LENGTH__)?__LOCK_REGION_LENGTH__:0x400
                0x00000400                __SIGNATURE_REGION_LENGTH__ = DEFINED (__SIGNATURE_REGION_LENGTH__)?__SIGNATURE_REGION_LENGTH__:0x400
                0x00000400                __USER_SIGNATURE_REGION_LENGTH__ = DEFINED (__USER_SIGNATURE_REGION_LENGTH__)?__USER_SIGNATURE_REGION_LENGTH__:0x400
                0x00008000                __RODATA_PM_OFFSET__ = DEFINED (__RODATA_PM_OFFSET__)?__RODATA_PM_OFFSET__:0x8000

.hash
 *(.hash)

.dynsym
 *(.dynsym)

.dynstr
 *(.dynstr)

.gnu.version
 *(.gnu.version)

.gnu.version_d
 *(.gnu.version_d)

.gnu.version_r
 *(.gnu.version_r)

.rel.init
 *(.rel.init)

.rela.init
 *(.rela.init)

.rel.text
 *(.rel.text)
 *(.rel.text.*)
 *(.rel.gnu.linkonce.t*)

.rela.text
 *(.rela.text)
 *(.rela.text.*)
 *(.rela.gnu.linkonce.t*)

.rel.fini
 *(.rel.fini)

.rela.fini
 *(.rela.fini)

.rel.rodata
 *(.rel.rodata)
 *(.rel.rodata.*)
 *(.rel.gnu.linkonce.r*)

.rela.rodata
 *(.rela.rodata)
 *(.rela.rodata.*)
 *(.rela.gnu.linkonce.r*)

.rel.data
 *(.rel.data)
 *(.rel.data.*)
 *(.rel.gnu.linkonce.d*)

.rela.data
 *(.rela.data)
 *(.rela.data.*)
 *(.rela.gnu.linkonce.d*)

.rel.ctors
 *(.rel.ctors)

.rela.ctors
 *(.rela.ctors)

.rel.dtors
 *(.rel.dtors)

.rela.dtors
 *(.rela.dtors)

.rel.got
 *(.rel.got)

.rela.got
 *(.rela.got)

.rel.bss
 *(.rel.bss)

.rela.bss
 *(.rela.bss)

.rel.plt
 *(.rel.plt)

.rela.plt
 *(.rela.plt)

.text           0x00000000      0x136
 *(.vectors)
 .vectors       0x00000000       0xa0 C:/Program Files (x86)/Microchip/MPLABX/v5.25/packs/Microchip/ATmega_DFP/2.0.12/gcc/dev/atmega4809/avrxmega3/crtatmega4809.o
                0x00000000                __vector_default
                0x00000000                __vectors
 *(.vectors)
 *(.progmem.gcc*)
 *(.dinit)
 .dinit         0x000000a0       0x42 data_init
                0x000000e2                . = ALIGN (0x2)
                0x000000e2                __trampolines_start = .
 *(.trampolines)
 .trampolines   0x000000e2        0x0 linker stubs
 *(.trampolines*)
                0x000000e2                __trampolines_end = .
 *libprintf_flt.a:*(.progmem.data)
 *libc.a:*(.progmem.data)
                0x000000e2                . = ALIGN (0x2)
 *(.jumptables)
 *(.jumptables*)
 *(.lowtext)
 *(.lowtext*)
                0x000000e2                __ctors_start = .
 *(.ctors)
                0x000000e2                __ctors_end = .
                0x000000e2                __dtors_start = .
 *(.dtors)
                0x000000e2                __dtors_end = .
 SORT(*)(.ctors)
 SORT(*)(.dtors)
 *(.init0)
 .init0         0x000000e2        0x0 C:/Program Files (x86)/Microchip/MPLABX/v5.25/packs/Microchip/ATmega_DFP/2.0.12/gcc/dev/atmega4809/avrxmega3/crtatmega4809.o
                0x000000e2                __init
 *(.init0)
 *(.init1)
 *(.init1)
 *(.init2)
 .init2         0x000000e2        0xc C:/Program Files (x86)/Microchip/MPLABX/v5.25/packs/Microchip/ATmega_DFP/2.0.12/gcc/dev/atmega4809/avrxmega3/crtatmega4809.o
 *(.init2)
 *(.init3)
 *(.init3)
 *(.init4)
 .init4         0x000000ee       0x3c c:/program files (x86)/microchip/xc8/v2.10/avr/bin/../lib/gcc/avr/5.4.0/avrxmega3\libgcc.a(_copy_data.o)
                0x000000ee                __do_copy_data
                0x0000011c                __do_clear_bss
 *(.init4)
 *(.init5)
 *(.init5)
 *(.init6)
 *(.init6)
 *(.init7)
 *(.init7)
 *(.init8)
 *(.init8)
 *(.init9)
 .init9         0x0000012a        0x8 C:/Program Files (x86)/Microchip/MPLABX/v5.25/packs/Microchip/ATmega_DFP/2.0.12/gcc/dev/atmega4809/avrxmega3/crtatmega4809.o
 *(.init9)
                0x00000132                . = ALIGN (0x2)
 *(.fini9)
 .fini9         0x00000132        0x0 c:/program files (x86)/microchip/xc8/v2.10/avr/bin/../lib/gcc/avr/5.4.0/avrxmega3\libgcc.a(_exit.o)
                0x00000132                _exit
                0x00000132                exit
 *(.fini9)
 *(.fini8)
 *(.fini8)
 *(.fini7)
 *(.fini7)
 *(.fini6)
 *(.fini6)
 *(.fini5)
 *(.fini5)
 *(.fini4)
 *(.fini4)
 *(.fini3)
 *(.fini3)
 *(.fini2)
 *(.fini2)
 *(.fini1)
 *(.fini1)
 *(.fini0)
 .fini0         0x00000132        0x4 c:/program files (x86)/microchip/xc8/v2.10/avr/bin/../lib/gcc/avr/5.4.0/avrxmega3\libgcc.a(_exit.o)
 *(.fini0)
                0x00000136                _etext = .

.rodata
 *(.rodata)
 *(.rodata*)
 *(.gnu.linkonce.r*)

.data           0x00802800        0x0 load address 0x00000136
                [!provide]                PROVIDE (__data_start, .)
 *(.gnu.linkonce.d*)
                0x00802800                . = ALIGN (0x2)
                0x00802800                _edata = .
                [!provide]                PROVIDE (__data_end, .)

.bss            0x00802800        0x6
                [!provide]                PROVIDE (__bss_start, .)
 *(COMMON)
 COMMON         0x00802800        0x6 c:/program files (x86)/microchip/xc8/v2.10/avr/bin/../lib/gcc/avr/5.4.0/../../../../avr/lib/avrxmega3\libc.a(iob.o)
                0x00802800                __iob
                [!provide]                PROVIDE (__bss_end, .)
                0x00000136                __data_load_start = LOADADDR (.data)
                0x00000136                __data_load_end = (__data_load_start + SIZEOF (.data))

.noinit         0x00802806        0x0
                [!provide]                PROVIDE (__noinit_start, .)
 *(.noinit*)
                [!provide]                PROVIDE (__noinit_end, .)
                0x00802806                _end = .

.eeprom         0x00810000        0x0
 *(.eeprom*)
                0x00810000                __eeprom_end = .

.fuse           0x00820000        0x9
 *(.fuse)
 .fuse          0x00820000        0x9 build/default/debug/mcc_generated_files/device_config.o
                0x00820000                __fuse
 *(.lfuse)
 *(.hfuse)
 *(.efuse)

.lock
 *(.lock*)

.signature
 *(.signature*)

.user_signatures
 *(.user_signatures*)

.stab
 *(.stab)

.stabstr
 *(.stabstr)

.stab.excl
 *(.stab.excl)

.stab.exclstr
 *(.stab.exclstr)

.stab.index
 *(.stab.index)

.stab.indexstr
 *(.stab.indexstr)

.comment        0x00000000       0x5b
 *(.comment)
 .comment       0x00000000       0x2f build/default/debug/mcc_generated_files/src/pin_manager.o
                                 0x30 (size before relaxing)
 .comment       0x0000002f       0x30 build/default/debug/mcc_generated_files/src/cpuint.o
 .comment       0x0000002f       0x30 build/default/debug/mcc_generated_files/src/ccl.o
 .comment       0x0000002f       0x30 build/default/debug/mcc_generated_files/src/usart3.o
 .comment       0x0000002f       0x30 build/default/debug/mcc_generated_files/mcc.o
 .comment       0x0000002f       0x30 build/default/debug/mcc_generated_files/device_config.o
 .comment       0x0000002f       0x30 build/default/debug/main.o
 .comment       0x0000002f       0x30 build/default/debug/actuator.o
 .comment       0x0000002f       0x30 build/default/debug/stepper.o
 .comment       0x0000002f       0x2c c:/program files (x86)/microchip/xc8/v2.10/avr/bin/../lib/gcc/avr/5.4.0/../../../../avr/lib/avrxmega3\libc.a(iob.o)
                                 0x2d (size before relaxing)

.note.gnu.build-id
 *(.note.gnu.build-id)

.debug
 *(.debug)

.line
 *(.line)

.debug_srcinfo
 *(.debug_srcinfo)

.debug_sfnames
 *(.debug_sfnames)

.debug_aranges  0x00000000      0x388
 *(.debug_aranges)
 .debug_aranges
                0x00000000      0x168 build/default/debug/mcc_generated_files/src/pin_manager.o
 .debug_aranges
                0x00000168       0x20 build/default/debug/mcc_generated_files/src/cpuint.o
 .debug_aranges
                0x00000188       0x20 build/default/debug/mcc_generated_files/src/protected_io.o
 .debug_aranges
                0x000001a8       0x28 build/default/debug/mcc_generated_files/src/ccl.o
 .debug_aranges
                0x000001d0       0xc0 build/default/debug/mcc_generated_files/src/usart3.o
 .debug_aranges
                0x00000290       0x48 build/default/debug/mcc_generated_files/mcc.o
 .debug_aranges
                0x000002d8       0x18 build/default/debug/mcc_generated_files/device_config.o
 .debug_aranges
                0x000002f0       0x20 build/default/debug/main.o
 .debug_aranges
                0x00000310       0x40 build/default/debug/actuator.o
 .debug_aranges
                0x00000350       0x38 build/default/debug/stepper.o

.debug_pubnames
 *(.debug_pubnames)

.debug_info     0x00000000     0x7519
 *(.debug_info .gnu.linkonce.wi.*)
 .debug_info    0x00000000     0x248a C:/Program Files (x86)/Microchip/MPLABX/v5.25/packs/Microchip/ATmega_DFP/2.0.12/gcc/dev/atmega4809/avrxmega3/crtatmega4809.o
 .debug_info    0x0000248a     0x14d4 build/default/debug/mcc_generated_files/src/pin_manager.o
 .debug_info    0x0000395e      0x3d2 build/default/debug/mcc_generated_files/src/cpuint.o
 .debug_info    0x00003d30       0x85 build/default/debug/mcc_generated_files/src/protected_io.o
 .debug_info    0x00003db5      0x83f build/default/debug/mcc_generated_files/src/ccl.o
 .debug_info    0x000045f4      0xaf5 build/default/debug/mcc_generated_files/src/usart3.o
 .debug_info    0x000050e9      0xb19 build/default/debug/mcc_generated_files/mcc.o
 .debug_info    0x00005c02      0x7e6 build/default/debug/mcc_generated_files/device_config.o
 .debug_info    0x000063e8      0x7e2 build/default/debug/main.o
 .debug_info    0x00006bca      0x4d1 build/default/debug/actuator.o
 .debug_info    0x0000709b      0x47e build/default/debug/stepper.o

.debug_abbrev   0x00000000     0x2e11
 *(.debug_abbrev)
 .debug_abbrev  0x00000000     0x2296 C:/Program Files (x86)/Microchip/MPLABX/v5.25/packs/Microchip/ATmega_DFP/2.0.12/gcc/dev/atmega4809/avrxmega3/crtatmega4809.o
 .debug_abbrev  0x00002296      0x197 build/default/debug/mcc_generated_files/src/pin_manager.o
 .debug_abbrev  0x0000242d       0xfa build/default/debug/mcc_generated_files/src/cpuint.o
 .debug_abbrev  0x00002527       0x14 build/default/debug/mcc_generated_files/src/protected_io.o
 .debug_abbrev  0x0000253b       0x92 build/default/debug/mcc_generated_files/src/ccl.o
 .debug_abbrev  0x000025cd      0x2df build/default/debug/mcc_generated_files/src/usart3.o
 .debug_abbrev  0x000028ac      0x169 build/default/debug/mcc_generated_files/mcc.o
 .debug_abbrev  0x00002a15       0x85 build/default/debug/mcc_generated_files/device_config.o
 .debug_abbrev  0x00002a9a      0x13a build/default/debug/main.o
 .debug_abbrev  0x00002bd4      0x121 build/default/debug/actuator.o
 .debug_abbrev  0x00002cf5      0x11c build/default/debug/stepper.o

.debug_line     0x00000000     0x17a2
 *(.debug_line .debug_line.* .debug_line_end)
 .debug_line    0x00000000      0x187 C:/Program Files (x86)/Microchip/MPLABX/v5.25/packs/Microchip/ATmega_DFP/2.0.12/gcc/dev/atmega4809/avrxmega3/crtatmega4809.o
 .debug_line    0x00000187      0x5e4 build/default/debug/mcc_generated_files/src/pin_manager.o
 .debug_line    0x0000076b      0x18c build/default/debug/mcc_generated_files/src/cpuint.o
 .debug_line    0x000008f7       0x66 build/default/debug/mcc_generated_files/src/protected_io.o
 .debug_line    0x0000095d      0x196 build/default/debug/mcc_generated_files/src/ccl.o
 .debug_line    0x00000af3      0x44f build/default/debug/mcc_generated_files/src/usart3.o
 .debug_line    0x00000f42      0x263 build/default/debug/mcc_generated_files/mcc.o
 .debug_line    0x000011a5       0xf1 build/default/debug/mcc_generated_files/device_config.o
 .debug_line    0x00001296      0x1e9 build/default/debug/main.o
 .debug_line    0x0000147f      0x164 build/default/debug/actuator.o
 .debug_line    0x000015e3      0x1bf build/default/debug/stepper.o

.debug_frame    0x00000000      0x6ec
 *(.debug_frame)
 .debug_frame   0x00000000      0x2c8 build/default/debug/mcc_generated_files/src/pin_manager.o
 .debug_frame   0x000002c8       0x24 build/default/debug/mcc_generated_files/src/cpuint.o
 .debug_frame   0x000002ec       0x40 build/default/debug/mcc_generated_files/src/ccl.o
 .debug_frame   0x0000032c      0x210 build/default/debug/mcc_generated_files/src/usart3.o
 .debug_frame   0x0000053c       0x84 build/default/debug/mcc_generated_files/mcc.o
 .debug_frame   0x000005c0       0x24 build/default/debug/main.o
 .debug_frame   0x000005e4       0x64 build/default/debug/actuator.o
 .debug_frame   0x00000648       0xa4 build/default/debug/stepper.o

.debug_str      0x00000000     0x1123
 *(.debug_str)
 .debug_str     0x00000000      0xf85 C:/Program Files (x86)/Microchip/MPLABX/v5.25/packs/Microchip/ATmega_DFP/2.0.12/gcc/dev/atmega4809/avrxmega3/crtatmega4809.o
 .debug_str     0x00000f85       0x57 build/default/debug/mcc_generated_files/src/pin_manager.o
 .debug_str     0x00000fdc       0x13 build/default/debug/mcc_generated_files/src/cpuint.o
 .debug_str     0x00000fef        0x0 build/default/debug/mcc_generated_files/src/ccl.o
 .debug_str     0x00000fef        0x0 build/default/debug/mcc_generated_files/src/usart3.o
 .debug_str     0x00000fef       0xcd build/default/debug/mcc_generated_files/mcc.o
 .debug_str     0x000010bc        0x0 build/default/debug/mcc_generated_files/device_config.o
 .debug_str     0x000010bc       0x55 build/default/debug/main.o
 .debug_str     0x00001111        0x8 build/default/debug/actuator.o
 .debug_str     0x00001119        0xa build/default/debug/stepper.o

.debug_loc      0x00000000      0x87f
 *(.debug_loc)
 .debug_loc     0x00000000       0x78 build/default/debug/mcc_generated_files/src/pin_manager.o
 .debug_loc     0x00000078       0x2a build/default/debug/mcc_generated_files/src/cpuint.o
 .debug_loc     0x000000a2      0x123 build/default/debug/mcc_generated_files/src/usart3.o
 .debug_loc     0x000001c5      0x172 build/default/debug/mcc_generated_files/mcc.o
 .debug_loc     0x00000337      0x120 build/default/debug/main.o
 .debug_loc     0x00000457      0x174 build/default/debug/actuator.o
 .debug_loc     0x000005cb      0x2b4 build/default/debug/stepper.o

.debug_macinfo
 *(.debug_macinfo)

.debug_weaknames
 *(.debug_weaknames)

.debug_funcnames
 *(.debug_funcnames)

.debug_typenames
 *(.debug_typenames)

.debug_varnames
 *(.debug_varnames)

.debug_pubtypes
 *(.debug_pubtypes)

.debug_ranges   0x00000000      0x2d0
 *(.debug_ranges)
 .debug_ranges  0x00000000      0x158 build/default/debug/mcc_generated_files/src/pin_manager.o
 .debug_ranges  0x00000158       0x10 build/default/debug/mcc_generated_files/src/cpuint.o
 .debug_ranges  0x00000168       0x18 build/default/debug/mcc_generated_files/src/ccl.o
 .debug_ranges  0x00000180       0xb0 build/default/debug/mcc_generated_files/src/usart3.o
 .debug_ranges  0x00000230       0x38 build/default/debug/mcc_generated_files/mcc.o
 .debug_ranges  0x00000268       0x10 build/default/debug/main.o
 .debug_ranges  0x00000278       0x30 build/default/debug/actuator.o
 .debug_ranges  0x000002a8       0x28 build/default/debug/stepper.o

.debug_macro
 *(.debug_macro)
OUTPUT(dist/default/debug/CCLOnly.X.debug.elf elf32-avr)
LOAD linker stubs
LOAD data_init

.note.gnu.avr.deviceinfo
                0x00000000       0x40
 .note.gnu.avr.deviceinfo
                0x00000000       0x40 C:/Program Files (x86)/Microchip/MPLABX/v5.25/packs/Microchip/ATmega_DFP/2.0.12/gcc/dev/atmega4809/avrxmega3/crtatmega4809.o

.bss.USART3_tx_elements
                0x00802828        0x1
 .bss.USART3_tx_elements
                0x00802828        0x1 build/default/debug/mcc_generated_files/src/usart3.o

.bss.USART3_tx_tail
                0x00802829        0x1
 .bss.USART3_tx_tail
                0x00802829        0x1 build/default/debug/mcc_generated_files/src/usart3.o

.bss.USART3_tx_head
                0x0080282a        0x1
 .bss.USART3_tx_head
                0x0080282a        0x1 build/default/debug/mcc_generated_files/src/usart3.o

.bss.USART3_txbuf
                0x00802814        0x8
 .bss.USART3_txbuf
                0x00802814        0x8 build/default/debug/mcc_generated_files/src/usart3.o

.bss.USART3_rx_elements
                0x0080282b        0x1
 .bss.USART3_rx_elements
                0x0080282b        0x1 build/default/debug/mcc_generated_files/src/usart3.o

.bss.USART3_rx_tail
                0x0080282c        0x1
 .bss.USART3_rx_tail
                0x0080282c        0x1 build/default/debug/mcc_generated_files/src/usart3.o

.bss.USART3_rx_head
                0x0080282d        0x1
 .bss.USART3_rx_head
                0x0080282d        0x1 build/default/debug/mcc_generated_files/src/usart3.o

.bss.USART3_rxbuf
                0x0080281c        0x8
 .bss.USART3_rxbuf
                0x0080281c        0x8 build/default/debug/mcc_generated_files/src/usart3.o

.text.PIN_MANAGER_Initialize
                0x00000136       0xf6
 .text.PIN_MANAGER_Initialize
                0x00000136       0xf6 build/default/debug/mcc_generated_files/src/pin_manager.o
                0x00000136                PIN_MANAGER_Initialize

.text.main      0x0000022c       0x9e
 .text.main     0x0000022c       0x9e build/default/debug/main.o
                0x0000022c                main

.text.PORT_Initialize
                0x000002ca       0x6e
 .text.PORT_Initialize
                0x000002ca       0x6e build/default/debug/mcc_generated_files/src/pin_manager.o
                0x000002ca                PORT_Initialize

.text.cw_turn   0x00000338       0x66
 .text.cw_turn  0x00000338       0x66 build/default/debug/stepper.o
                0x00000338                cw_turn

.text.cc_turn   0x0000039e       0x66
 .text.cc_turn  0x0000039e       0x66 build/default/debug/stepper.o
                0x0000039e                cc_turn

.text.__vector_37
                0x00000404       0x52
 .text.__vector_37
                0x00000404       0x52 build/default/debug/mcc_generated_files/src/usart3.o
                0x00000404                __vector_37

.text.__vector_38
                0x00000456       0x52
 .text.__vector_38
                0x00000456       0x52 build/default/debug/mcc_generated_files/src/usart3.o
                0x00000456                __vector_38

.text.CLKCTRL_Initialize
                0x000004a8       0x4c
 .text.CLKCTRL_Initialize
                0x000004a8       0x4c build/default/debug/mcc_generated_files/mcc.o
                0x000004a8                CLKCTRL_Initialize

.text.USART3_Initialize
                0x000004f4       0x46
 .text.USART3_Initialize
                0x000004f4       0x46 build/default/debug/mcc_generated_files/src/usart3.o
                0x000004f4                USART3_Initialize

.text.CCL_Initialize
                0x0000053a       0x42
 .text.CCL_Initialize
                0x0000053a       0x42 build/default/debug/mcc_generated_files/src/ccl.o
                0x0000053a                CCL_Initialize

.text.actuator_pulse
                0x0000057c       0x42
 .text.actuator_pulse
                0x0000057c       0x42 build/default/debug/actuator.o
                0x0000057c                actuator_pulse

.text.actuator_pulse_inv
                0x000005be       0x42
 .text.actuator_pulse_inv
                0x000005be       0x42 build/default/debug/actuator.o
                0x000005be                actuator_pulse_inv

.text.USART3_DefaultTxIsrCb
                0x00000600       0x3e
 .text.USART3_DefaultTxIsrCb
                0x00000600       0x3e build/default/debug/mcc_generated_files/src/usart3.o
                0x00000600                USART3_DefaultTxIsrCb

.text.USART3_Write
                0x0000063e       0x3e
 .text.USART3_Write
                0x0000063e       0x3e build/default/debug/mcc_generated_files/src/usart3.o
                0x0000063e                USART3_Write

.text.cw_step   0x0000067c       0x32
 .text.cw_step  0x0000067c       0x32 build/default/debug/stepper.o
                0x0000067c                cw_step

.text.USART3_DefaultRxIsrCb
                0x000006ae       0x2c
 .text.USART3_DefaultRxIsrCb
                0x000006ae       0x2c build/default/debug/mcc_generated_files/src/usart3.o
                0x000006ae                USART3_DefaultRxIsrCb

.text.__vector_39
                0x000006da       0x2a
 .text.__vector_39
                0x000006da       0x2a build/default/debug/mcc_generated_files/src/usart3.o
                0x000006da                __vector_39

.text.SYSTEM_Initialize
                0x00000704       0x22
 .text.SYSTEM_Initialize
                0x00000704       0x22 build/default/debug/mcc_generated_files/mcc.o
                0x00000704                SYSTEM_Initialize

.text.__vector_2
                0x00000726       0x1e
 .text.__vector_2
                0x00000726       0x1e build/default/debug/mcc_generated_files/mcc.o
                0x00000726                __vector_2

.text.CPUINT_Initialize
                0x00000744       0x1a
 .text.CPUINT_Initialize
                0x00000744       0x1a build/default/debug/mcc_generated_files/src/cpuint.o
                0x00000744                CPUINT_Initialize

.text.BOD_Initialize
                0x0000075e       0x18
 .text.BOD_Initialize
                0x0000075e       0x18 build/default/debug/mcc_generated_files/mcc.o
                0x0000075e                BOD_Initialize

.text.actuator_extend
                0x00000776       0x18
 .text.actuator_extend
                0x00000776       0x18 build/default/debug/actuator.o
                0x00000776                actuator_extend

.text.actuator_release
                0x0000078e       0x18
 .text.actuator_release
                0x0000078e       0x18 build/default/debug/actuator.o
                0x0000078e                actuator_release

.text.__vector_5
                0x000007a6       0x14
 .text.__vector_5
                0x000007a6       0x14 build/default/debug/mcc_generated_files/src/ccl.o
                0x000007a6                __vector_5

.text.SLPCTRL_Initialize
                0x000007ba       0x10
 .text.SLPCTRL_Initialize
                0x000007ba       0x10 build/default/debug/mcc_generated_files/mcc.o
                0x000007ba                SLPCTRL_Initialize

.text.WDT_Initialize
                0x000007ca       0x10
 .text.WDT_Initialize
                0x000007ca       0x10 build/default/debug/mcc_generated_files/mcc.o
                0x000007ca                WDT_Initialize

.text.USART3_printCHAR
                0x000007da        0xa
 .text.USART3_printCHAR
                0x000007da        0xa build/default/debug/mcc_generated_files/src/usart3.o
                0x000007da                USART3_printCHAR

.text.protected_write_io
                0x000007e4        0x8
 .text.protected_write_io
                0x000007e4        0x8 build/default/debug/mcc_generated_files/src/protected_io.o
                0x000007e4                protected_write_io

.text           0x000007ec        0x4
 .text          0x000007ec        0x4 C:/Program Files (x86)/Microchip/MPLABX/v5.25/packs/Microchip/ATmega_DFP/2.0.12/gcc/dev/atmega4809/avrxmega3/crtatmega4809.o
                0x000007ec                __vector_22
                0x000007ec                __vector_28
                0x000007ec                __vector_1
                0x000007ec                __vector_32
                0x000007ec                __vector_34
                0x000007ec                __vector_24
                0x000007ec                __vector_12
                0x000007ec                __bad_interrupt
                0x000007ec                __vector_6
                0x000007ec                __vector_31
                0x000007ec                __vector_35
                0x000007ec                __vector_3
                0x000007ec                __vector_23
                0x000007ec                __vector_30
                0x000007ec                __vector_25
                0x000007ec                __vector_11
                0x000007ec                __vector_13
                0x000007ec                __vector_17
                0x000007ec                __vector_19
                0x000007ec                __vector_7
                0x000007ec                __vector_27
                0x000007ec                __vector_33
                0x000007ec                __vector_4
                0x000007ec                __vector_9
                0x000007ec                __vector_21
                0x000007ec                __vector_15
                0x000007ec                __vector_36
                0x000007ec                __vector_29
                0x000007ec                __vector_8
                0x000007ec                __vector_26
                0x000007ec                __vector_14
                0x000007ec                __vector_10
                0x000007ec                __vector_16
                0x000007ec                __vector_18
                0x000007ec                __vector_20

.data.USART3_stream
                0x00802806        0xe load address 0x000007f0
 .data.USART3_stream
                0x00802806        0xe build/default/debug/mcc_generated_files/src/usart3.o
                0x00802806                USART3_stream

.data.USART3_tx_isr_cb
                0x00802824        0x2 load address 0x000007fe
 .data.USART3_tx_isr_cb
                0x00802824        0x2 build/default/debug/mcc_generated_files/src/usart3.o
                0x00802824                USART3_tx_isr_cb

.data.USART3_rx_isr_cb
                0x00802826        0x2 load address 0x00000800
 .data.USART3_rx_isr_cb
                0x00802826        0x2 build/default/debug/mcc_generated_files/src/usart3.o
                0x00802826                USART3_rx_isr_cb
