Archive member included to satisfy reference by file (symbol)

c:/program files (x86)/microchip/xc8/v2.10/avr/bin/../lib/gcc/avr/5.4.0/avrxmega3\libgcc.a(_exit.o)
                              C:/Program Files (x86)/Microchip/MPLABX/v5.25/packs/Microchip/ATmega_DFP/2.0.12/gcc/dev/atmega4809/avrxmega3/crtatmega4809.o (exit)
c:/program files (x86)/microchip/xc8/v2.10/avr/bin/../lib/gcc/avr/5.4.0/avrxmega3\libgcc.a(_copy_data.o)
                              build/default/production/mcc_generated_files/src/usart0.o (__do_copy_data)
c:/program files (x86)/microchip/xc8/v2.10/avr/bin/../lib/gcc/avr/5.4.0/../../../../avr/lib/avrxmega3\libc.a(iob.o)
                              build/default/production/mcc_generated_files/src/usart0.o (__iob)

Allocating common symbols
Common symbol       size              file

__iob               0x6               c:/program files (x86)/microchip/xc8/v2.10/avr/bin/../lib/gcc/avr/5.4.0/../../../../avr/lib/avrxmega3\libc.a(iob.o)

Discarded input sections

 .data          0x00000000        0x0 C:/Program Files (x86)/Microchip/MPLABX/v5.25/packs/Microchip/ATmega_DFP/2.0.12/gcc/dev/atmega4809/avrxmega3/crtatmega4809.o
 .bss           0x00000000        0x0 C:/Program Files (x86)/Microchip/MPLABX/v5.25/packs/Microchip/ATmega_DFP/2.0.12/gcc/dev/atmega4809/avrxmega3/crtatmega4809.o
 .text          0x00000000        0x0 build/default/production/mcc_generated_files/src/pin_manager.o
 .data          0x00000000        0x0 build/default/production/mcc_generated_files/src/pin_manager.o
 .bss           0x00000000        0x0 build/default/production/mcc_generated_files/src/pin_manager.o
 .text.PORTA_PA1_DefaultInterruptHandler
                0x00000000        0x2 build/default/production/mcc_generated_files/src/pin_manager.o
 .text.PORTF_IO_PF3_DefaultInterruptHandler
                0x00000000        0x2 build/default/production/mcc_generated_files/src/pin_manager.o
 .text.PORTF_IO_PF5_DefaultInterruptHandler
                0x00000000        0x2 build/default/production/mcc_generated_files/src/pin_manager.o
 .text.PORTA_PA0_DefaultInterruptHandler
                0x00000000        0x2 build/default/production/mcc_generated_files/src/pin_manager.o
 .text.PORTF_IO_PF4_DefaultInterruptHandler
                0x00000000        0x2 build/default/production/mcc_generated_files/src/pin_manager.o
 .text.PORTA_PA1_SetInterruptHandler
                0x00000000        0x2 build/default/production/mcc_generated_files/src/pin_manager.o
 .text.PORTE_IO_PE0_SetInterruptHandler
                0x00000000        0xa build/default/production/mcc_generated_files/src/pin_manager.o
 .text.PORTF_IO_PF3_SetInterruptHandler
                0x00000000        0x2 build/default/production/mcc_generated_files/src/pin_manager.o
 .text.PORTE_IO_PE1_SetInterruptHandler
                0x00000000        0xa build/default/production/mcc_generated_files/src/pin_manager.o
 .text.PORTF_IO_PF5_SetInterruptHandler
                0x00000000        0x2 build/default/production/mcc_generated_files/src/pin_manager.o
 .text.PORTA_PA0_SetInterruptHandler
                0x00000000        0x2 build/default/production/mcc_generated_files/src/pin_manager.o
 .text.PORTF_IO_PF4_SetInterruptHandler
                0x00000000        0x2 build/default/production/mcc_generated_files/src/pin_manager.o
 .text          0x00000000        0x0 build/default/production/mcc_generated_files/src/cpuint.o
 .data          0x00000000        0x0 build/default/production/mcc_generated_files/src/cpuint.o
 .bss           0x00000000        0x0 build/default/production/mcc_generated_files/src/cpuint.o
 .text          0x00000000        0x0 build/default/production/mcc_generated_files/src/usart0.o
 .data          0x00000000        0x0 build/default/production/mcc_generated_files/src/usart0.o
 .bss           0x00000000        0x0 build/default/production/mcc_generated_files/src/usart0.o
 .text.USART0_SetISRCb
                0x00000000       0x1e build/default/production/mcc_generated_files/src/usart0.o
 .text.USART0_SetRXISRCb
                0x00000000        0xa build/default/production/mcc_generated_files/src/usart0.o
 .text.USART0_SetTXISRCb
                0x00000000        0xa build/default/production/mcc_generated_files/src/usart0.o
 .text.USART0_IsTxReady
                0x00000000        0xe build/default/production/mcc_generated_files/src/usart0.o
 .text.USART0_IsRxReady
                0x00000000        0xe build/default/production/mcc_generated_files/src/usart0.o
 .text.USART0_IsTxBusy
                0x00000000       0x10 build/default/production/mcc_generated_files/src/usart0.o
 .text.USART0_IsTxDone
                0x00000000        0xc build/default/production/mcc_generated_files/src/usart0.o
 .text.USART0_Read
                0x00000000       0x32 build/default/production/mcc_generated_files/src/usart0.o
 .text.USART0_Enable
                0x00000000        0xc build/default/production/mcc_generated_files/src/usart0.o
 .text.USART0_EnableRx
                0x00000000        0xc build/default/production/mcc_generated_files/src/usart0.o
 .text.USART0_EnableTx
                0x00000000        0xc build/default/production/mcc_generated_files/src/usart0.o
 .text.USART0_Disable
                0x00000000        0xc build/default/production/mcc_generated_files/src/usart0.o
 .text.USART0_GetData
                0x00000000        0x6 build/default/production/mcc_generated_files/src/usart0.o
 .text          0x00000000        0x0 build/default/production/mcc_generated_files/src/protected_io.o
 .data          0x00000000        0x0 build/default/production/mcc_generated_files/src/protected_io.o
 .bss           0x00000000        0x0 build/default/production/mcc_generated_files/src/protected_io.o
 .text          0x00000000        0x0 build/default/production/mcc_generated_files/device_config.o
 .data          0x00000000        0x0 build/default/production/mcc_generated_files/device_config.o
 .bss           0x00000000        0x0 build/default/production/mcc_generated_files/device_config.o
 .text          0x00000000        0x0 build/default/production/mcc_generated_files/mcc.o
 .data          0x00000000        0x0 build/default/production/mcc_generated_files/mcc.o
 .bss           0x00000000        0x0 build/default/production/mcc_generated_files/mcc.o
 .text          0x00000000        0x0 build/default/production/main.o
 .data          0x00000000        0x0 build/default/production/main.o
 .bss           0x00000000        0x0 build/default/production/main.o
 .text          0x00000000        0x0 c:/program files (x86)/microchip/xc8/v2.10/avr/bin/../lib/gcc/avr/5.4.0/avrxmega3\libgcc.a(_exit.o)
 .data          0x00000000        0x0 c:/program files (x86)/microchip/xc8/v2.10/avr/bin/../lib/gcc/avr/5.4.0/avrxmega3\libgcc.a(_exit.o)
 .bss           0x00000000        0x0 c:/program files (x86)/microchip/xc8/v2.10/avr/bin/../lib/gcc/avr/5.4.0/avrxmega3\libgcc.a(_exit.o)
 .text.libgcc.mul
                0x00000000        0x0 c:/program files (x86)/microchip/xc8/v2.10/avr/bin/../lib/gcc/avr/5.4.0/avrxmega3\libgcc.a(_exit.o)
 .text.libgcc.div
                0x00000000        0x0 c:/program files (x86)/microchip/xc8/v2.10/avr/bin/../lib/gcc/avr/5.4.0/avrxmega3\libgcc.a(_exit.o)
 .text.libgcc   0x00000000        0x0 c:/program files (x86)/microchip/xc8/v2.10/avr/bin/../lib/gcc/avr/5.4.0/avrxmega3\libgcc.a(_exit.o)
 .text.libgcc.prologue
                0x00000000        0x0 c:/program files (x86)/microchip/xc8/v2.10/avr/bin/../lib/gcc/avr/5.4.0/avrxmega3\libgcc.a(_exit.o)
 .text.libgcc.builtins
                0x00000000        0x0 c:/program files (x86)/microchip/xc8/v2.10/avr/bin/../lib/gcc/avr/5.4.0/avrxmega3\libgcc.a(_exit.o)
 .text.libgcc.fmul
                0x00000000        0x0 c:/program files (x86)/microchip/xc8/v2.10/avr/bin/../lib/gcc/avr/5.4.0/avrxmega3\libgcc.a(_exit.o)
 .text.libgcc.fixed
                0x00000000        0x0 c:/program files (x86)/microchip/xc8/v2.10/avr/bin/../lib/gcc/avr/5.4.0/avrxmega3\libgcc.a(_exit.o)
 .text          0x00000000        0x0 c:/program files (x86)/microchip/xc8/v2.10/avr/bin/../lib/gcc/avr/5.4.0/avrxmega3\libgcc.a(_copy_data.o)
 .data          0x00000000        0x0 c:/program files (x86)/microchip/xc8/v2.10/avr/bin/../lib/gcc/avr/5.4.0/avrxmega3\libgcc.a(_copy_data.o)
 .bss           0x00000000        0x0 c:/program files (x86)/microchip/xc8/v2.10/avr/bin/../lib/gcc/avr/5.4.0/avrxmega3\libgcc.a(_copy_data.o)
 .text.libgcc.mul
                0x00000000        0x0 c:/program files (x86)/microchip/xc8/v2.10/avr/bin/../lib/gcc/avr/5.4.0/avrxmega3\libgcc.a(_copy_data.o)
 .text.libgcc.div
                0x00000000        0x0 c:/program files (x86)/microchip/xc8/v2.10/avr/bin/../lib/gcc/avr/5.4.0/avrxmega3\libgcc.a(_copy_data.o)
 .text.libgcc   0x00000000        0x0 c:/program files (x86)/microchip/xc8/v2.10/avr/bin/../lib/gcc/avr/5.4.0/avrxmega3\libgcc.a(_copy_data.o)
 .text.libgcc.prologue
                0x00000000        0x0 c:/program files (x86)/microchip/xc8/v2.10/avr/bin/../lib/gcc/avr/5.4.0/avrxmega3\libgcc.a(_copy_data.o)
 .text.libgcc.builtins
                0x00000000        0x0 c:/program files (x86)/microchip/xc8/v2.10/avr/bin/../lib/gcc/avr/5.4.0/avrxmega3\libgcc.a(_copy_data.o)
 .text.libgcc.fmul
                0x00000000        0x0 c:/program files (x86)/microchip/xc8/v2.10/avr/bin/../lib/gcc/avr/5.4.0/avrxmega3\libgcc.a(_copy_data.o)
 .text.libgcc.fixed
                0x00000000        0x0 c:/program files (x86)/microchip/xc8/v2.10/avr/bin/../lib/gcc/avr/5.4.0/avrxmega3\libgcc.a(_copy_data.o)
 .text          0x00000000        0x0 c:/program files (x86)/microchip/xc8/v2.10/avr/bin/../lib/gcc/avr/5.4.0/../../../../avr/lib/avrxmega3\libc.a(iob.o)
 .data          0x00000000        0x0 c:/program files (x86)/microchip/xc8/v2.10/avr/bin/../lib/gcc/avr/5.4.0/../../../../avr/lib/avrxmega3\libc.a(iob.o)
 .bss           0x00000000        0x0 c:/program files (x86)/microchip/xc8/v2.10/avr/bin/../lib/gcc/avr/5.4.0/../../../../avr/lib/avrxmega3\libc.a(iob.o)

Memory Configuration

Name             Origin             Length             Attributes
text             0x00000000         0x0000c000         xr
data             0x00802800         0x00001800         rw !x
eeprom           0x00810000         0x00000100         rw !x
fuse             0x00820000         0x00000009         rw !x
lock             0x00830000         0x00000400         rw !x
signature        0x00840000         0x00000400         rw !x
user_signatures  0x00850000         0x00000400         rw !x
*default*        0x00000000         0xffffffff

Linker script and memory map

Address of section .data set to 0x802800
                0x00004000                __RODATA_PM_OFFSET__ = 0x4000
LOAD C:/Program Files (x86)/Microchip/MPLABX/v5.25/packs/Microchip/ATmega_DFP/2.0.12/gcc/dev/atmega4809/avrxmega3/crtatmega4809.o
                0x00000001                __MPLAB_BUILD = 0x1
LOAD build/default/production/mcc_generated_files/src/pin_manager.o
LOAD build/default/production/mcc_generated_files/src/cpuint.o
LOAD build/default/production/mcc_generated_files/src/usart0.o
LOAD build/default/production/mcc_generated_files/src/protected_io.o
LOAD build/default/production/mcc_generated_files/device_config.o
LOAD build/default/production/mcc_generated_files/mcc.o
LOAD build/default/production/main.o
START GROUP
LOAD c:/program files (x86)/microchip/xc8/v2.10/avr/bin/../lib/gcc/avr/5.4.0/../../../../avr/lib/avrxmega3\libm.a
END GROUP
START GROUP
LOAD c:/program files (x86)/microchip/xc8/v2.10/avr/bin/../lib/gcc/avr/5.4.0/avrxmega3\libgcc.a
LOAD c:/program files (x86)/microchip/xc8/v2.10/avr/bin/../lib/gcc/avr/5.4.0/../../../../avr/lib/avrxmega3\libm.a
LOAD c:/program files (x86)/microchip/xc8/v2.10/avr/bin/../lib/gcc/avr/5.4.0/../../../../avr/lib/avrxmega3\libc.a
LOAD C:/Program Files (x86)/Microchip/MPLABX/v5.25/packs/Microchip/ATmega_DFP/2.0.12/gcc/dev/atmega4809/avrxmega3\libatmega4809.a
END GROUP
                [0x00000000]                __TEXT_REGION_ORIGIN__ = DEFINED (__TEXT_REGION_ORIGIN__)?__TEXT_REGION_ORIGIN__:0x0
                [0x00802800]                __DATA_REGION_ORIGIN__ = DEFINED (__DATA_REGION_ORIGIN__)?__DATA_REGION_ORIGIN__:0x802000
                [0x0000c000]                __TEXT_REGION_LENGTH__ = DEFINED (__TEXT_REGION_LENGTH__)?__TEXT_REGION_LENGTH__:0x100000
                [0x00001800]                __DATA_REGION_LENGTH__ = DEFINED (__DATA_REGION_LENGTH__)?__DATA_REGION_LENGTH__:0xffa0
                [0x00000100]                __EEPROM_REGION_LENGTH__ = DEFINED (__EEPROM_REGION_LENGTH__)?__EEPROM_REGION_LENGTH__:0x10000
                [0x00000009]                __FUSE_REGION_LENGTH__ = DEFINED (__FUSE_REGION_LENGTH__)?__FUSE_REGION_LENGTH__:0x400
                0x00000400                __LOCK_REGION_LENGTH__ = DEFINED (__LOCK_REGION_LENGTH__)?__LOCK_REGION_LENGTH__:0x400
                0x00000400                __SIGNATURE_REGION_LENGTH__ = DEFINED (__SIGNATURE_REGION_LENGTH__)?__SIGNATURE_REGION_LENGTH__:0x400
                0x00000400                __USER_SIGNATURE_REGION_LENGTH__ = DEFINED (__USER_SIGNATURE_REGION_LENGTH__)?__USER_SIGNATURE_REGION_LENGTH__:0x400
                0x00008000                __RODATA_PM_OFFSET__ = DEFINED (__RODATA_PM_OFFSET__)?__RODATA_PM_OFFSET__:0x8000

.hash
 *(.hash)

.dynsym
 *(.dynsym)

.dynstr
 *(.dynstr)

.gnu.version
 *(.gnu.version)

.gnu.version_d
 *(.gnu.version_d)

.gnu.version_r
 *(.gnu.version_r)

.rel.init
 *(.rel.init)

.rela.init
 *(.rela.init)

.rel.text
 *(.rel.text)
 *(.rel.text.*)
 *(.rel.gnu.linkonce.t*)

.rela.text
 *(.rela.text)
 *(.rela.text.*)
 *(.rela.gnu.linkonce.t*)

.rel.fini
 *(.rel.fini)

.rela.fini
 *(.rela.fini)

.rel.rodata
 *(.rel.rodata)
 *(.rel.rodata.*)
 *(.rel.gnu.linkonce.r*)

.rela.rodata
 *(.rela.rodata)
 *(.rela.rodata.*)
 *(.rela.gnu.linkonce.r*)

.rel.data
 *(.rel.data)
 *(.rel.data.*)
 *(.rel.gnu.linkonce.d*)

.rela.data
 *(.rela.data)
 *(.rela.data.*)
 *(.rela.gnu.linkonce.d*)

.rel.ctors
 *(.rel.ctors)

.rela.ctors
 *(.rela.ctors)

.rel.dtors
 *(.rel.dtors)

.rela.dtors
 *(.rela.dtors)

.rel.got
 *(.rel.got)

.rela.got
 *(.rela.got)

.rel.bss
 *(.rel.bss)

.rela.bss
 *(.rela.bss)

.rel.plt
 *(.rel.plt)

.rela.plt
 *(.rela.plt)

.text           0x00000000      0x140
 *(.vectors)
 .vectors       0x00000000       0xa0 C:/Program Files (x86)/Microchip/MPLABX/v5.25/packs/Microchip/ATmega_DFP/2.0.12/gcc/dev/atmega4809/avrxmega3/crtatmega4809.o
                0x00000000                __vector_default
                0x00000000                __vectors
 *(.vectors)
 *(.progmem.gcc*)
 *(.dinit)
 .dinit         0x000000a0       0x4c data_init
                0x000000ec                . = ALIGN (0x2)
                0x000000ec                __trampolines_start = .
 *(.trampolines)
 .trampolines   0x000000ec        0x0 linker stubs
 *(.trampolines*)
                0x000000ec                __trampolines_end = .
 *libprintf_flt.a:*(.progmem.data)
 *libc.a:*(.progmem.data)
                0x000000ec                . = ALIGN (0x2)
 *(.jumptables)
 *(.jumptables*)
 *(.lowtext)
 *(.lowtext*)
                0x000000ec                __ctors_start = .
 *(.ctors)
                0x000000ec                __ctors_end = .
                0x000000ec                __dtors_start = .
 *(.dtors)
                0x000000ec                __dtors_end = .
 SORT(*)(.ctors)
 SORT(*)(.dtors)
 *(.init0)
 .init0         0x000000ec        0x0 C:/Program Files (x86)/Microchip/MPLABX/v5.25/packs/Microchip/ATmega_DFP/2.0.12/gcc/dev/atmega4809/avrxmega3/crtatmega4809.o
                0x000000ec                __init
 *(.init0)
 *(.init1)
 *(.init1)
 *(.init2)
 .init2         0x000000ec        0xc C:/Program Files (x86)/Microchip/MPLABX/v5.25/packs/Microchip/ATmega_DFP/2.0.12/gcc/dev/atmega4809/avrxmega3/crtatmega4809.o
 *(.init2)
 *(.init3)
 *(.init3)
 *(.init4)
 .init4         0x000000f8       0x3c c:/program files (x86)/microchip/xc8/v2.10/avr/bin/../lib/gcc/avr/5.4.0/avrxmega3\libgcc.a(_copy_data.o)
                0x000000f8                __do_copy_data
                0x00000126                __do_clear_bss
 *(.init4)
 *(.init5)
 *(.init5)
 *(.init6)
 *(.init6)
 *(.init7)
 *(.init7)
 *(.init8)
 *(.init8)
 *(.init9)
 .init9         0x00000134        0x8 C:/Program Files (x86)/Microchip/MPLABX/v5.25/packs/Microchip/ATmega_DFP/2.0.12/gcc/dev/atmega4809/avrxmega3/crtatmega4809.o
 *(.init9)
                0x0000013c                . = ALIGN (0x2)
 *(.fini9)
 .fini9         0x0000013c        0x0 c:/program files (x86)/microchip/xc8/v2.10/avr/bin/../lib/gcc/avr/5.4.0/avrxmega3\libgcc.a(_exit.o)
                0x0000013c                _exit
                0x0000013c                exit
 *(.fini9)
 *(.fini8)
 *(.fini8)
 *(.fini7)
 *(.fini7)
 *(.fini6)
 *(.fini6)
 *(.fini5)
 *(.fini5)
 *(.fini4)
 *(.fini4)
 *(.fini3)
 *(.fini3)
 *(.fini2)
 *(.fini2)
 *(.fini1)
 *(.fini1)
 *(.fini0)
 .fini0         0x0000013c        0x4 c:/program files (x86)/microchip/xc8/v2.10/avr/bin/../lib/gcc/avr/5.4.0/avrxmega3\libgcc.a(_exit.o)
 *(.fini0)
                0x00000140                _etext = .

.rodata
 *(.rodata)
 *(.rodata*)
 *(.gnu.linkonce.r*)

.data           0x00802800        0x0 load address 0x00000140
                [!provide]                PROVIDE (__data_start, .)
 *(.gnu.linkonce.d*)
                0x00802800                . = ALIGN (0x2)
                0x00802800                _edata = .
                [!provide]                PROVIDE (__data_end, .)

.bss            0x00802800        0x6
                [!provide]                PROVIDE (__bss_start, .)
 *(COMMON)
 COMMON         0x00802800        0x6 c:/program files (x86)/microchip/xc8/v2.10/avr/bin/../lib/gcc/avr/5.4.0/../../../../avr/lib/avrxmega3\libc.a(iob.o)
                0x00802800                __iob
                [!provide]                PROVIDE (__bss_end, .)
                0x00000140                __data_load_start = LOADADDR (.data)
                0x00000140                __data_load_end = (__data_load_start + SIZEOF (.data))

.noinit         0x00802806        0x0
                [!provide]                PROVIDE (__noinit_start, .)
 *(.noinit*)
                [!provide]                PROVIDE (__noinit_end, .)
                0x00802806                _end = .

.eeprom         0x00810000        0x0
 *(.eeprom*)
                0x00810000                __eeprom_end = .

.fuse           0x00820000        0x9
 *(.fuse)
 .fuse          0x00820000        0x9 build/default/production/mcc_generated_files/device_config.o
                0x00820000                __fuse
 *(.lfuse)
 *(.hfuse)
 *(.efuse)

.lock
 *(.lock*)

.signature
 *(.signature*)

.user_signatures
 *(.user_signatures*)

.stab
 *(.stab)

.stabstr
 *(.stabstr)

.stab.excl
 *(.stab.excl)

.stab.exclstr
 *(.stab.exclstr)

.stab.index
 *(.stab.index)

.stab.indexstr
 *(.stab.indexstr)

.comment        0x00000000       0x5b
 *(.comment)
 .comment       0x00000000       0x2f build/default/production/mcc_generated_files/src/pin_manager.o
                                 0x30 (size before relaxing)
 .comment       0x0000002f       0x30 build/default/production/mcc_generated_files/src/cpuint.o
 .comment       0x0000002f       0x30 build/default/production/mcc_generated_files/src/usart0.o
 .comment       0x0000002f       0x30 build/default/production/mcc_generated_files/device_config.o
 .comment       0x0000002f       0x30 build/default/production/mcc_generated_files/mcc.o
 .comment       0x0000002f       0x30 build/default/production/main.o
 .comment       0x0000002f       0x2c c:/program files (x86)/microchip/xc8/v2.10/avr/bin/../lib/gcc/avr/5.4.0/../../../../avr/lib/avrxmega3\libc.a(iob.o)
                                 0x2d (size before relaxing)

.note.gnu.build-id
 *(.note.gnu.build-id)

.debug
 *(.debug)

.line
 *(.line)

.debug_srcinfo
 *(.debug_srcinfo)

.debug_sfnames
 *(.debug_sfnames)

.debug_aranges  0x00000000      0x220
 *(.debug_aranges)
 .debug_aranges
                0x00000000       0xa0 build/default/production/mcc_generated_files/src/pin_manager.o
 .debug_aranges
                0x000000a0       0x20 build/default/production/mcc_generated_files/src/cpuint.o
 .debug_aranges
                0x000000c0       0xc0 build/default/production/mcc_generated_files/src/usart0.o
 .debug_aranges
                0x00000180       0x20 build/default/production/mcc_generated_files/src/protected_io.o
 .debug_aranges
                0x000001a0       0x18 build/default/production/mcc_generated_files/device_config.o
 .debug_aranges
                0x000001b8       0x48 build/default/production/mcc_generated_files/mcc.o
 .debug_aranges
                0x00000200       0x20 build/default/production/main.o

.debug_pubnames
 *(.debug_pubnames)

.debug_info     0x00000000     0x5640
 *(.debug_info .gnu.linkonce.wi.*)
 .debug_info    0x00000000     0x248a C:/Program Files (x86)/Microchip/MPLABX/v5.25/packs/Microchip/ATmega_DFP/2.0.12/gcc/dev/atmega4809/avrxmega3/crtatmega4809.o
 .debug_info    0x0000248a      0xcc4 build/default/production/mcc_generated_files/src/pin_manager.o
 .debug_info    0x0000314e      0x3bb build/default/production/mcc_generated_files/src/cpuint.o
 .debug_info    0x00003509      0xade build/default/production/mcc_generated_files/src/usart0.o
 .debug_info    0x00003fe7       0x7b build/default/production/mcc_generated_files/src/protected_io.o
 .debug_info    0x00004062      0x7cf build/default/production/mcc_generated_files/device_config.o
 .debug_info    0x00004831      0xaeb build/default/production/mcc_generated_files/mcc.o
 .debug_info    0x0000531c      0x324 build/default/production/main.o

.debug_abbrev   0x00000000     0x2ab8
 *(.debug_abbrev)
 .debug_abbrev  0x00000000     0x2296 C:/Program Files (x86)/Microchip/MPLABX/v5.25/packs/Microchip/ATmega_DFP/2.0.12/gcc/dev/atmega4809/avrxmega3/crtatmega4809.o
 .debug_abbrev  0x00002296      0x17e build/default/production/mcc_generated_files/src/pin_manager.o
 .debug_abbrev  0x00002414       0xfa build/default/production/mcc_generated_files/src/cpuint.o
 .debug_abbrev  0x0000250e      0x2df build/default/production/mcc_generated_files/src/usart0.o
 .debug_abbrev  0x000027ed       0x14 build/default/production/mcc_generated_files/src/protected_io.o
 .debug_abbrev  0x00002801       0x85 build/default/production/mcc_generated_files/device_config.o
 .debug_abbrev  0x00002886      0x157 build/default/production/mcc_generated_files/mcc.o
 .debug_abbrev  0x000029dd       0xdb build/default/production/main.o

.debug_line     0x00000000     0x10b7
 *(.debug_line .debug_line.* .debug_line_end)
 .debug_line    0x00000000      0x187 C:/Program Files (x86)/Microchip/MPLABX/v5.25/packs/Microchip/ATmega_DFP/2.0.12/gcc/dev/atmega4809/avrxmega3/crtatmega4809.o
 .debug_line    0x00000187      0x4a2 build/default/production/mcc_generated_files/src/pin_manager.o
 .debug_line    0x00000629      0x18c build/default/production/mcc_generated_files/src/cpuint.o
 .debug_line    0x000007b5      0x44f build/default/production/mcc_generated_files/src/usart0.o
 .debug_line    0x00000c04       0x66 build/default/production/mcc_generated_files/src/protected_io.o
 .debug_line    0x00000c6a       0xf1 build/default/production/mcc_generated_files/device_config.o
 .debug_line    0x00000d5b      0x254 build/default/production/mcc_generated_files/mcc.o
 .debug_line    0x00000faf      0x108 build/default/production/main.o

.debug_frame    0x00000000      0x45c
 *(.debug_frame)
 .debug_frame   0x00000000      0x180 build/default/production/mcc_generated_files/src/pin_manager.o
 .debug_frame   0x00000180       0x24 build/default/production/mcc_generated_files/src/cpuint.o
 .debug_frame   0x000001a4      0x210 build/default/production/mcc_generated_files/src/usart0.o
 .debug_frame   0x000003b4       0x84 build/default/production/mcc_generated_files/mcc.o
 .debug_frame   0x00000438       0x24 build/default/production/main.o

.debug_str      0x00000000     0x10c8
 *(.debug_str)
 .debug_str     0x00000000      0xf85 C:/Program Files (x86)/Microchip/MPLABX/v5.25/packs/Microchip/ATmega_DFP/2.0.12/gcc/dev/atmega4809/avrxmega3/crtatmega4809.o
 .debug_str     0x00000f85       0x60 build/default/production/mcc_generated_files/src/pin_manager.o
 .debug_str     0x00000fe5       0x13 build/default/production/mcc_generated_files/src/cpuint.o
 .debug_str     0x00000ff8        0x0 build/default/production/mcc_generated_files/src/usart0.o
 .debug_str     0x00000ff8        0x0 build/default/production/mcc_generated_files/device_config.o
 .debug_str     0x00000ff8       0xbe build/default/production/mcc_generated_files/mcc.o
 .debug_str     0x000010b6       0x12 build/default/production/main.o

.debug_loc      0x00000000      0x37b
 *(.debug_loc)
 .debug_loc     0x00000000       0xbc build/default/production/mcc_generated_files/src/pin_manager.o
 .debug_loc     0x000000bc       0x2a build/default/production/mcc_generated_files/src/cpuint.o
 .debug_loc     0x000000e6      0x123 build/default/production/mcc_generated_files/src/usart0.o
 .debug_loc     0x00000209      0x172 build/default/production/mcc_generated_files/mcc.o

.debug_macinfo
 *(.debug_macinfo)

.debug_weaknames
 *(.debug_weaknames)

.debug_funcnames
 *(.debug_funcnames)

.debug_typenames
 *(.debug_typenames)

.debug_varnames
 *(.debug_varnames)

.debug_pubtypes
 *(.debug_pubtypes)

.debug_ranges   0x00000000      0x198
 *(.debug_ranges)
 .debug_ranges  0x00000000       0x90 build/default/production/mcc_generated_files/src/pin_manager.o
 .debug_ranges  0x00000090       0x10 build/default/production/mcc_generated_files/src/cpuint.o
 .debug_ranges  0x000000a0       0xb0 build/default/production/mcc_generated_files/src/usart0.o
 .debug_ranges  0x00000150       0x38 build/default/production/mcc_generated_files/mcc.o
 .debug_ranges  0x00000188       0x10 build/default/production/main.o

.debug_macro
 *(.debug_macro)
OUTPUT(dist/default/production/US5.X.production.elf elf32-avr)
LOAD linker stubs
LOAD data_init

.note.gnu.avr.deviceinfo
                0x00000000       0x40
 .note.gnu.avr.deviceinfo
                0x00000000       0x40 C:/Program Files (x86)/Microchip/MPLABX/v5.25/packs/Microchip/ATmega_DFP/2.0.12/gcc/dev/atmega4809/avrxmega3/crtatmega4809.o

.bss.PORTE_IO_PE1_InterruptHandler
                0x00802824        0x2
 .bss.PORTE_IO_PE1_InterruptHandler
                0x00802824        0x2 build/default/production/mcc_generated_files/src/pin_manager.o

.bss.PORTE_IO_PE0_InterruptHandler
                0x00802826        0x2
 .bss.PORTE_IO_PE0_InterruptHandler
                0x00802826        0x2 build/default/production/mcc_generated_files/src/pin_manager.o

.bss.USART0_tx_elements
                0x0080282c        0x1
 .bss.USART0_tx_elements
                0x0080282c        0x1 build/default/production/mcc_generated_files/src/usart0.o

.bss.USART0_tx_tail
                0x0080282d        0x1
 .bss.USART0_tx_tail
                0x0080282d        0x1 build/default/production/mcc_generated_files/src/usart0.o

.bss.USART0_tx_head
                0x0080282e        0x1
 .bss.USART0_tx_head
                0x0080282e        0x1 build/default/production/mcc_generated_files/src/usart0.o

.bss.USART0_txbuf
                0x00802814        0x8
 .bss.USART0_txbuf
                0x00802814        0x8 build/default/production/mcc_generated_files/src/usart0.o

.bss.USART0_rx_elements
                0x0080282f        0x1
 .bss.USART0_rx_elements
                0x0080282f        0x1 build/default/production/mcc_generated_files/src/usart0.o

.bss.USART0_rx_tail
                0x00802830        0x1
 .bss.USART0_rx_tail
                0x00802830        0x1 build/default/production/mcc_generated_files/src/usart0.o

.bss.USART0_rx_head
                0x00802831        0x1
 .bss.USART0_rx_head
                0x00802831        0x1 build/default/production/mcc_generated_files/src/usart0.o

.bss.USART0_rxbuf
                0x0080281c        0x8
 .bss.USART0_rxbuf
                0x0080281c        0x8 build/default/production/mcc_generated_files/src/usart0.o

.text.PIN_MANAGER_Initialize
                0x00000140      0x10e
 .text.PIN_MANAGER_Initialize
                0x00000140      0x10e build/default/production/mcc_generated_files/src/pin_manager.o
                0x00000140                PIN_MANAGER_Initialize

.text.PORT_Initialize
                0x0000024e       0x6e
 .text.PORT_Initialize
                0x0000024e       0x6e build/default/production/mcc_generated_files/src/pin_manager.o
                0x0000024e                PORT_Initialize

.text.__vector_35
                0x000002bc       0x64
 .text.__vector_35
                0x000002bc       0x64 build/default/production/mcc_generated_files/src/pin_manager.o
                0x000002bc                __vector_35

.text.__vector_17
                0x00000320       0x52
 .text.__vector_17
                0x00000320       0x52 build/default/production/mcc_generated_files/src/usart0.o
                0x00000320                __vector_17

.text.__vector_18
                0x00000372       0x52
 .text.__vector_18
                0x00000372       0x52 build/default/production/mcc_generated_files/src/usart0.o
                0x00000372                __vector_18

.text.CLKCTRL_Initialize
                0x000003c4       0x4c
 .text.CLKCTRL_Initialize
                0x000003c4       0x4c build/default/production/mcc_generated_files/mcc.o
                0x000003c4                CLKCTRL_Initialize

.text.USART0_Initialize
                0x00000410       0x46
 .text.USART0_Initialize
                0x00000410       0x46 build/default/production/mcc_generated_files/src/usart0.o
                0x00000410                USART0_Initialize

.text.USART0_DefaultTxIsrCb
                0x00000456       0x3e
 .text.USART0_DefaultTxIsrCb
                0x00000456       0x3e build/default/production/mcc_generated_files/src/usart0.o
                0x00000456                USART0_DefaultTxIsrCb

.text.USART0_Write
                0x00000494       0x3e
 .text.USART0_Write
                0x00000494       0x3e build/default/production/mcc_generated_files/src/usart0.o
                0x00000494                USART0_Write

.text.PORTE_IO_PE0_DefaultInterruptHandler
                0x000004d2       0x2c
 .text.PORTE_IO_PE0_DefaultInterruptHandler
                0x000004d2       0x2c build/default/production/mcc_generated_files/src/pin_manager.o
                0x000004d2                PORTE_IO_PE0_DefaultInterruptHandler

.text.USART0_DefaultRxIsrCb
                0x000004fe       0x2c
 .text.USART0_DefaultRxIsrCb
                0x000004fe       0x2c build/default/production/mcc_generated_files/src/usart0.o
                0x000004fe                USART0_DefaultRxIsrCb

.text.__vector_19
                0x0000052a       0x2a
 .text.__vector_19
                0x0000052a       0x2a build/default/production/mcc_generated_files/src/usart0.o
                0x0000052a                __vector_19

.text.__vector_2
                0x00000554       0x1e
 .text.__vector_2
                0x00000554       0x1e build/default/production/mcc_generated_files/mcc.o
                0x00000554                __vector_2

.text.SYSTEM_Initialize
                0x00000572       0x1e
 .text.SYSTEM_Initialize
                0x00000572       0x1e build/default/production/mcc_generated_files/mcc.o
                0x00000572                SYSTEM_Initialize

.text.CPUINT_Initialize
                0x00000590       0x1a
 .text.CPUINT_Initialize
                0x00000590       0x1a build/default/production/mcc_generated_files/src/cpuint.o
                0x00000590                CPUINT_Initialize

.text.main      0x000005aa       0x1a
 .text.main     0x000005aa       0x1a build/default/production/main.o
                0x000005aa                main

.text.BOD_Initialize
                0x000005c4       0x18
 .text.BOD_Initialize
                0x000005c4       0x18 build/default/production/mcc_generated_files/mcc.o
                0x000005c4                BOD_Initialize

.text.SLPCTRL_Initialize
                0x000005dc       0x10
 .text.SLPCTRL_Initialize
                0x000005dc       0x10 build/default/production/mcc_generated_files/mcc.o
                0x000005dc                SLPCTRL_Initialize

.text.WDT_Initialize
                0x000005ec       0x10
 .text.WDT_Initialize
                0x000005ec       0x10 build/default/production/mcc_generated_files/mcc.o
                0x000005ec                WDT_Initialize

.text.USART0_printCHAR
                0x000005fc        0xa
 .text.USART0_printCHAR
                0x000005fc        0xa build/default/production/mcc_generated_files/src/usart0.o
                0x000005fc                USART0_printCHAR

.text.protected_write_io
                0x00000606        0x8
 .text.protected_write_io
                0x00000606        0x8 build/default/production/mcc_generated_files/src/protected_io.o
                0x00000606                protected_write_io

.text           0x0000060e        0x4
 .text          0x0000060e        0x4 C:/Program Files (x86)/Microchip/MPLABX/v5.25/packs/Microchip/ATmega_DFP/2.0.12/gcc/dev/atmega4809/avrxmega3/crtatmega4809.o
                0x0000060e                __vector_38
                0x0000060e                __vector_22
                0x0000060e                __vector_28
                0x0000060e                __vector_1
                0x0000060e                __vector_32
                0x0000060e                __vector_34
                0x0000060e                __vector_24
                0x0000060e                __vector_12
                0x0000060e                __bad_interrupt
                0x0000060e                __vector_6
                0x0000060e                __vector_31
                0x0000060e                __vector_39
                0x0000060e                __vector_3
                0x0000060e                __vector_23
                0x0000060e                __vector_30
                0x0000060e                __vector_25
                0x0000060e                __vector_11
                0x0000060e                __vector_13
                0x0000060e                __vector_7
                0x0000060e                __vector_27
                0x0000060e                __vector_5
                0x0000060e                __vector_33
                0x0000060e                __vector_37
                0x0000060e                __vector_4
                0x0000060e                __vector_9
                0x0000060e                __vector_21
                0x0000060e                __vector_15
                0x0000060e                __vector_36
                0x0000060e                __vector_29
                0x0000060e                __vector_8
                0x0000060e                __vector_26
                0x0000060e                __vector_14
                0x0000060e                __vector_10
                0x0000060e                __vector_16
                0x0000060e                __vector_20

.text.PORTE_IO_PE1_DefaultInterruptHandler
                0x00000612        0x2
 .text.PORTE_IO_PE1_DefaultInterruptHandler
                0x00000612        0x2 build/default/production/mcc_generated_files/src/pin_manager.o
                0x00000612                PORTE_IO_PE1_DefaultInterruptHandler

.data.USART0_stream
                0x00802806        0xe load address 0x00000614
 .data.USART0_stream
                0x00802806        0xe build/default/production/mcc_generated_files/src/usart0.o
                0x00802806                USART0_stream

.data.USART0_tx_isr_cb
                0x00802828        0x2 load address 0x00000622
 .data.USART0_tx_isr_cb
                0x00802828        0x2 build/default/production/mcc_generated_files/src/usart0.o
                0x00802828                USART0_tx_isr_cb

.data.USART0_rx_isr_cb
                0x0080282a        0x2 load address 0x00000624
 .data.USART0_rx_isr_cb
                0x0080282a        0x2 build/default/production/mcc_generated_files/src/usart0.o
                0x0080282a                USART0_rx_isr_cb
