Archive member included to satisfy reference by file (symbol)

c:/program files (x86)/microchip/xc8/v2.10/avr/bin/../lib/gcc/avr/5.4.0/avrxmega3\libgcc.a(_exit.o)
                              C:/Program Files (x86)/Microchip/MPLABX/v5.25/packs/Microchip/ATmega_DFP/2.0.12/gcc/dev/atmega4809/avrxmega3/crtatmega4809.o (exit)
c:/program files (x86)/microchip/xc8/v2.10/avr/bin/../lib/gcc/avr/5.4.0/avrxmega3\libgcc.a(_copy_data.o)
                              build/default/production/mcc_generated_files/device_config.o (__do_copy_data)

Discarded input sections

 .data          0x00000000        0x0 C:/Program Files (x86)/Microchip/MPLABX/v5.25/packs/Microchip/ATmega_DFP/2.0.12/gcc/dev/atmega4809/avrxmega3/crtatmega4809.o
 .bss           0x00000000        0x0 C:/Program Files (x86)/Microchip/MPLABX/v5.25/packs/Microchip/ATmega_DFP/2.0.12/gcc/dev/atmega4809/avrxmega3/crtatmega4809.o
 .text          0x00000000        0x0 build/default/production/mcc_generated_files/src/pin_manager.o
 .data          0x00000000        0x0 build/default/production/mcc_generated_files/src/pin_manager.o
 .bss           0x00000000        0x0 build/default/production/mcc_generated_files/src/pin_manager.o
 .text.PORTD_IO_PD1_DefaultInterruptHandler
                0x00000000        0x2 build/default/production/mcc_generated_files/src/pin_manager.o
 .text.PORTC_IO_PC0_DefaultInterruptHandler
                0x00000000        0x2 build/default/production/mcc_generated_files/src/pin_manager.o
 .text.PORTD_IO_PD0_DefaultInterruptHandler
                0x00000000        0x2 build/default/production/mcc_generated_files/src/pin_manager.o
 .text.PORTD_IO_PD3_DefaultInterruptHandler
                0x00000000        0x2 build/default/production/mcc_generated_files/src/pin_manager.o
 .text.PORTD_IO_PD2_DefaultInterruptHandler
                0x00000000        0x2 build/default/production/mcc_generated_files/src/pin_manager.o
 .text.PORTD_IO_PD1_SetInterruptHandler
                0x00000000        0x2 build/default/production/mcc_generated_files/src/pin_manager.o
 .text.PORTC_IO_PC0_SetInterruptHandler
                0x00000000        0x2 build/default/production/mcc_generated_files/src/pin_manager.o
 .text.PORTD_IO_PD0_SetInterruptHandler
                0x00000000        0x2 build/default/production/mcc_generated_files/src/pin_manager.o
 .text.PORTD_IO_PD3_SetInterruptHandler
                0x00000000        0x2 build/default/production/mcc_generated_files/src/pin_manager.o
 .text.PORTD_IO_PD2_SetInterruptHandler
                0x00000000        0x2 build/default/production/mcc_generated_files/src/pin_manager.o
 .text          0x00000000        0x0 build/default/production/mcc_generated_files/src/cpuint.o
 .data          0x00000000        0x0 build/default/production/mcc_generated_files/src/cpuint.o
 .bss           0x00000000        0x0 build/default/production/mcc_generated_files/src/cpuint.o
 .text          0x00000000        0x0 build/default/production/mcc_generated_files/src/protected_io.o
 .data          0x00000000        0x0 build/default/production/mcc_generated_files/src/protected_io.o
 .bss           0x00000000        0x0 build/default/production/mcc_generated_files/src/protected_io.o
 .text          0x00000000        0x0 build/default/production/mcc_generated_files/device_config.o
 .data          0x00000000        0x0 build/default/production/mcc_generated_files/device_config.o
 .bss           0x00000000        0x0 build/default/production/mcc_generated_files/device_config.o
 .text          0x00000000        0x0 build/default/production/mcc_generated_files/mcc.o
 .data          0x00000000        0x0 build/default/production/mcc_generated_files/mcc.o
 .bss           0x00000000        0x0 build/default/production/mcc_generated_files/mcc.o
 .text          0x00000000        0x0 build/default/production/main.o
 .data          0x00000000        0x0 build/default/production/main.o
 .bss           0x00000000        0x0 build/default/production/main.o
 .text          0x00000000        0x0 build/default/production/stepper.o
 .data          0x00000000        0x0 build/default/production/stepper.o
 .bss           0x00000000        0x0 build/default/production/stepper.o
 .text          0x00000000        0x0 build/default/production/actuator.o
 .data          0x00000000        0x0 build/default/production/actuator.o
 .bss           0x00000000        0x0 build/default/production/actuator.o
 .text.actuator_toggle
                0x00000000       0x18 build/default/production/actuator.o
 .text.actuator_extend
                0x00000000       0x18 build/default/production/actuator.o
 .text.actuator_release
                0x00000000       0x18 build/default/production/actuator.o
 .text.actuator_pulse_inv
                0x00000000       0x42 build/default/production/actuator.o
 .text          0x00000000        0x0 build/default/production/wire.o
 .data          0x00000000        0x0 build/default/production/wire.o
 .bss           0x00000000        0x0 build/default/production/wire.o
 .text.steps_from_length
                0x00000000        0x6 build/default/production/wire.o
 .text          0x00000000        0x0 c:/program files (x86)/microchip/xc8/v2.10/avr/bin/../lib/gcc/avr/5.4.0/avrxmega3\libgcc.a(_exit.o)
 .data          0x00000000        0x0 c:/program files (x86)/microchip/xc8/v2.10/avr/bin/../lib/gcc/avr/5.4.0/avrxmega3\libgcc.a(_exit.o)
 .bss           0x00000000        0x0 c:/program files (x86)/microchip/xc8/v2.10/avr/bin/../lib/gcc/avr/5.4.0/avrxmega3\libgcc.a(_exit.o)
 .text.libgcc.mul
                0x00000000        0x0 c:/program files (x86)/microchip/xc8/v2.10/avr/bin/../lib/gcc/avr/5.4.0/avrxmega3\libgcc.a(_exit.o)
 .text.libgcc.div
                0x00000000        0x0 c:/program files (x86)/microchip/xc8/v2.10/avr/bin/../lib/gcc/avr/5.4.0/avrxmega3\libgcc.a(_exit.o)
 .text.libgcc   0x00000000        0x0 c:/program files (x86)/microchip/xc8/v2.10/avr/bin/../lib/gcc/avr/5.4.0/avrxmega3\libgcc.a(_exit.o)
 .text.libgcc.prologue
                0x00000000        0x0 c:/program files (x86)/microchip/xc8/v2.10/avr/bin/../lib/gcc/avr/5.4.0/avrxmega3\libgcc.a(_exit.o)
 .text.libgcc.builtins
                0x00000000        0x0 c:/program files (x86)/microchip/xc8/v2.10/avr/bin/../lib/gcc/avr/5.4.0/avrxmega3\libgcc.a(_exit.o)
 .text.libgcc.fmul
                0x00000000        0x0 c:/program files (x86)/microchip/xc8/v2.10/avr/bin/../lib/gcc/avr/5.4.0/avrxmega3\libgcc.a(_exit.o)
 .text.libgcc.fixed
                0x00000000        0x0 c:/program files (x86)/microchip/xc8/v2.10/avr/bin/../lib/gcc/avr/5.4.0/avrxmega3\libgcc.a(_exit.o)
 .text          0x00000000        0x0 c:/program files (x86)/microchip/xc8/v2.10/avr/bin/../lib/gcc/avr/5.4.0/avrxmega3\libgcc.a(_copy_data.o)
 .data          0x00000000        0x0 c:/program files (x86)/microchip/xc8/v2.10/avr/bin/../lib/gcc/avr/5.4.0/avrxmega3\libgcc.a(_copy_data.o)
 .bss           0x00000000        0x0 c:/program files (x86)/microchip/xc8/v2.10/avr/bin/../lib/gcc/avr/5.4.0/avrxmega3\libgcc.a(_copy_data.o)
 .text.libgcc.mul
                0x00000000        0x0 c:/program files (x86)/microchip/xc8/v2.10/avr/bin/../lib/gcc/avr/5.4.0/avrxmega3\libgcc.a(_copy_data.o)
 .text.libgcc.div
                0x00000000        0x0 c:/program files (x86)/microchip/xc8/v2.10/avr/bin/../lib/gcc/avr/5.4.0/avrxmega3\libgcc.a(_copy_data.o)
 .text.libgcc   0x00000000        0x0 c:/program files (x86)/microchip/xc8/v2.10/avr/bin/../lib/gcc/avr/5.4.0/avrxmega3\libgcc.a(_copy_data.o)
 .text.libgcc.prologue
                0x00000000        0x0 c:/program files (x86)/microchip/xc8/v2.10/avr/bin/../lib/gcc/avr/5.4.0/avrxmega3\libgcc.a(_copy_data.o)
 .text.libgcc.builtins
                0x00000000        0x0 c:/program files (x86)/microchip/xc8/v2.10/avr/bin/../lib/gcc/avr/5.4.0/avrxmega3\libgcc.a(_copy_data.o)
 .text.libgcc.fmul
                0x00000000        0x0 c:/program files (x86)/microchip/xc8/v2.10/avr/bin/../lib/gcc/avr/5.4.0/avrxmega3\libgcc.a(_copy_data.o)
 .text.libgcc.fixed
                0x00000000        0x0 c:/program files (x86)/microchip/xc8/v2.10/avr/bin/../lib/gcc/avr/5.4.0/avrxmega3\libgcc.a(_copy_data.o)

Memory Configuration

Name             Origin             Length             Attributes
text             0x00000000         0x0000c000         xr
data             0x00802800         0x00001800         rw !x
eeprom           0x00810000         0x00000100         rw !x
fuse             0x00820000         0x00000009         rw !x
lock             0x00830000         0x00000400         rw !x
signature        0x00840000         0x00000400         rw !x
user_signatures  0x00850000         0x00000400         rw !x
*default*        0x00000000         0xffffffff

Linker script and memory map

Address of section .data set to 0x802800
                0x00004000                __RODATA_PM_OFFSET__ = 0x4000
LOAD C:/Program Files (x86)/Microchip/MPLABX/v5.25/packs/Microchip/ATmega_DFP/2.0.12/gcc/dev/atmega4809/avrxmega3/crtatmega4809.o
                0x00000001                __MPLAB_BUILD = 0x1
LOAD build/default/production/mcc_generated_files/src/pin_manager.o
LOAD build/default/production/mcc_generated_files/src/cpuint.o
LOAD build/default/production/mcc_generated_files/src/protected_io.o
LOAD build/default/production/mcc_generated_files/device_config.o
LOAD build/default/production/mcc_generated_files/mcc.o
LOAD build/default/production/main.o
LOAD build/default/production/stepper.o
LOAD build/default/production/actuator.o
LOAD build/default/production/wire.o
START GROUP
LOAD c:/program files (x86)/microchip/xc8/v2.10/avr/bin/../lib/gcc/avr/5.4.0/../../../../avr/lib/avrxmega3\libm.a
END GROUP
START GROUP
LOAD c:/program files (x86)/microchip/xc8/v2.10/avr/bin/../lib/gcc/avr/5.4.0/avrxmega3\libgcc.a
LOAD c:/program files (x86)/microchip/xc8/v2.10/avr/bin/../lib/gcc/avr/5.4.0/../../../../avr/lib/avrxmega3\libm.a
LOAD c:/program files (x86)/microchip/xc8/v2.10/avr/bin/../lib/gcc/avr/5.4.0/../../../../avr/lib/avrxmega3\libc.a
LOAD C:/Program Files (x86)/Microchip/MPLABX/v5.25/packs/Microchip/ATmega_DFP/2.0.12/gcc/dev/atmega4809/avrxmega3\libatmega4809.a
END GROUP
                [0x00000000]                __TEXT_REGION_ORIGIN__ = DEFINED (__TEXT_REGION_ORIGIN__)?__TEXT_REGION_ORIGIN__:0x0
                [0x00802800]                __DATA_REGION_ORIGIN__ = DEFINED (__DATA_REGION_ORIGIN__)?__DATA_REGION_ORIGIN__:0x802000
                [0x0000c000]                __TEXT_REGION_LENGTH__ = DEFINED (__TEXT_REGION_LENGTH__)?__TEXT_REGION_LENGTH__:0x100000
                [0x00001800]                __DATA_REGION_LENGTH__ = DEFINED (__DATA_REGION_LENGTH__)?__DATA_REGION_LENGTH__:0xffa0
                [0x00000100]                __EEPROM_REGION_LENGTH__ = DEFINED (__EEPROM_REGION_LENGTH__)?__EEPROM_REGION_LENGTH__:0x10000
                [0x00000009]                __FUSE_REGION_LENGTH__ = DEFINED (__FUSE_REGION_LENGTH__)?__FUSE_REGION_LENGTH__:0x400
                0x00000400                __LOCK_REGION_LENGTH__ = DEFINED (__LOCK_REGION_LENGTH__)?__LOCK_REGION_LENGTH__:0x400
                0x00000400                __SIGNATURE_REGION_LENGTH__ = DEFINED (__SIGNATURE_REGION_LENGTH__)?__SIGNATURE_REGION_LENGTH__:0x400
                0x00000400                __USER_SIGNATURE_REGION_LENGTH__ = DEFINED (__USER_SIGNATURE_REGION_LENGTH__)?__USER_SIGNATURE_REGION_LENGTH__:0x400
                0x00008000                __RODATA_PM_OFFSET__ = DEFINED (__RODATA_PM_OFFSET__)?__RODATA_PM_OFFSET__:0x8000

.hash
 *(.hash)

.dynsym
 *(.dynsym)

.dynstr
 *(.dynstr)

.gnu.version
 *(.gnu.version)

.gnu.version_d
 *(.gnu.version_d)

.gnu.version_r
 *(.gnu.version_r)

.rel.init
 *(.rel.init)

.rela.init
 *(.rela.init)

.rel.text
 *(.rel.text)
 *(.rel.text.*)
 *(.rel.gnu.linkonce.t*)

.rela.text
 *(.rela.text)
 *(.rela.text.*)
 *(.rela.gnu.linkonce.t*)

.rel.fini
 *(.rel.fini)

.rela.fini
 *(.rela.fini)

.rel.rodata
 *(.rel.rodata)
 *(.rel.rodata.*)
 *(.rel.gnu.linkonce.r*)

.rela.rodata
 *(.rela.rodata)
 *(.rela.rodata.*)
 *(.rela.gnu.linkonce.r*)

.rel.data
 *(.rel.data)
 *(.rel.data.*)
 *(.rel.gnu.linkonce.d*)

.rela.data
 *(.rela.data)
 *(.rela.data.*)
 *(.rela.gnu.linkonce.d*)

.rel.ctors
 *(.rel.ctors)

.rela.ctors
 *(.rela.ctors)

.rel.dtors
 *(.rel.dtors)

.rela.dtors
 *(.rela.dtors)

.rel.got
 *(.rel.got)

.rela.got
 *(.rela.got)

.rel.bss
 *(.rel.bss)

.rela.bss
 *(.rela.bss)

.rel.plt
 *(.rel.plt)

.rela.plt
 *(.rela.plt)

.text           0x00000000       0xf4
 *(.vectors)
 .vectors       0x00000000       0xa0 C:/Program Files (x86)/Microchip/MPLABX/v5.25/packs/Microchip/ATmega_DFP/2.0.12/gcc/dev/atmega4809/avrxmega3/crtatmega4809.o
                0x00000000                __vector_default
                0x00000000                __vectors
 *(.vectors)
 *(.progmem.gcc*)
 *(.dinit)
 .dinit         0x000000a0        0x0 data_init
                0x000000a0                . = ALIGN (0x2)
                0x000000a0                __trampolines_start = .
 *(.trampolines)
 .trampolines   0x000000a0        0x0 linker stubs
 *(.trampolines*)
                0x000000a0                __trampolines_end = .
 *libprintf_flt.a:*(.progmem.data)
 *libc.a:*(.progmem.data)
                0x000000a0                . = ALIGN (0x2)
 *(.jumptables)
 *(.jumptables*)
 *(.lowtext)
 *(.lowtext*)
                0x000000a0                __ctors_start = .
 *(.ctors)
                0x000000a0                __ctors_end = .
                0x000000a0                __dtors_start = .
 *(.dtors)
                0x000000a0                __dtors_end = .
 SORT(*)(.ctors)
 SORT(*)(.dtors)
 *(.init0)
 .init0         0x000000a0        0x0 C:/Program Files (x86)/Microchip/MPLABX/v5.25/packs/Microchip/ATmega_DFP/2.0.12/gcc/dev/atmega4809/avrxmega3/crtatmega4809.o
                0x000000a0                __init
 *(.init0)
 *(.init1)
 *(.init1)
 *(.init2)
 .init2         0x000000a0        0xc C:/Program Files (x86)/Microchip/MPLABX/v5.25/packs/Microchip/ATmega_DFP/2.0.12/gcc/dev/atmega4809/avrxmega3/crtatmega4809.o
 *(.init2)
 *(.init3)
 *(.init3)
 *(.init4)
 .init4         0x000000ac       0x3c c:/program files (x86)/microchip/xc8/v2.10/avr/bin/../lib/gcc/avr/5.4.0/avrxmega3\libgcc.a(_copy_data.o)
                0x000000ac                __do_copy_data
                0x000000da                __do_clear_bss
 *(.init4)
 *(.init5)
 *(.init5)
 *(.init6)
 *(.init6)
 *(.init7)
 *(.init7)
 *(.init8)
 *(.init8)
 *(.init9)
 .init9         0x000000e8        0x8 C:/Program Files (x86)/Microchip/MPLABX/v5.25/packs/Microchip/ATmega_DFP/2.0.12/gcc/dev/atmega4809/avrxmega3/crtatmega4809.o
 *(.init9)
                0x000000f0                . = ALIGN (0x2)
 *(.fini9)
 .fini9         0x000000f0        0x0 c:/program files (x86)/microchip/xc8/v2.10/avr/bin/../lib/gcc/avr/5.4.0/avrxmega3\libgcc.a(_exit.o)
                0x000000f0                _exit
                0x000000f0                exit
 *(.fini9)
 *(.fini8)
 *(.fini8)
 *(.fini7)
 *(.fini7)
 *(.fini6)
 *(.fini6)
 *(.fini5)
 *(.fini5)
 *(.fini4)
 *(.fini4)
 *(.fini3)
 *(.fini3)
 *(.fini2)
 *(.fini2)
 *(.fini1)
 *(.fini1)
 *(.fini0)
 .fini0         0x000000f0        0x4 c:/program files (x86)/microchip/xc8/v2.10/avr/bin/../lib/gcc/avr/5.4.0/avrxmega3\libgcc.a(_exit.o)
 *(.fini0)
                0x000000f4                _etext = .

.rodata
 *(.rodata)
 *(.rodata*)
 *(.gnu.linkonce.r*)

.data           0x00802800        0x0 load address 0x000000f4
                [!provide]                PROVIDE (__data_start, .)
 *(.gnu.linkonce.d*)
                0x00802800                . = ALIGN (0x2)
                0x00802800                _edata = .
                [!provide]                PROVIDE (__data_end, .)

.bss            0x00802800        0x0
                [!provide]                PROVIDE (__bss_start, .)
 *(COMMON)
                [!provide]                PROVIDE (__bss_end, .)
                0x000000f4                __data_load_start = LOADADDR (.data)
                0x000000f4                __data_load_end = (__data_load_start + SIZEOF (.data))

.noinit         0x00802800        0x0
                [!provide]                PROVIDE (__noinit_start, .)
 *(.noinit*)
                [!provide]                PROVIDE (__noinit_end, .)
                0x00802800                _end = .

.eeprom         0x00810000        0x0
 *(.eeprom*)
                0x00810000                __eeprom_end = .

.fuse           0x00820000        0x9
 *(.fuse)
 .fuse          0x00820000        0x9 build/default/production/mcc_generated_files/device_config.o
                0x00820000                __fuse
 *(.lfuse)
 *(.hfuse)
 *(.efuse)

.lock
 *(.lock*)

.signature
 *(.signature*)

.user_signatures
 *(.user_signatures*)

.stab
 *(.stab)

.stabstr
 *(.stabstr)

.stab.excl
 *(.stab.excl)

.stab.exclstr
 *(.stab.exclstr)

.stab.index
 *(.stab.index)

.stab.indexstr
 *(.stab.indexstr)

.comment        0x00000000       0x2f
 *(.comment)
 .comment       0x00000000       0x2f build/default/production/mcc_generated_files/src/pin_manager.o
                                 0x30 (size before relaxing)
 .comment       0x0000002f       0x30 build/default/production/mcc_generated_files/src/cpuint.o
 .comment       0x0000002f       0x30 build/default/production/mcc_generated_files/device_config.o
 .comment       0x0000002f       0x30 build/default/production/mcc_generated_files/mcc.o
 .comment       0x0000002f       0x30 build/default/production/main.o
 .comment       0x0000002f       0x30 build/default/production/stepper.o
 .comment       0x0000002f       0x30 build/default/production/actuator.o
 .comment       0x0000002f       0x30 build/default/production/wire.o

.note.gnu.build-id
 *(.note.gnu.build-id)

.debug
 *(.debug)

.line
 *(.line)

.debug_srcinfo
 *(.debug_srcinfo)

.debug_sfnames
 *(.debug_sfnames)

.debug_aranges  0x00000000      0x1f8
 *(.debug_aranges)
 .debug_aranges
                0x00000000       0x78 build/default/production/mcc_generated_files/src/pin_manager.o
 .debug_aranges
                0x00000078       0x20 build/default/production/mcc_generated_files/src/cpuint.o
 .debug_aranges
                0x00000098       0x20 build/default/production/mcc_generated_files/src/protected_io.o
 .debug_aranges
                0x000000b8       0x18 build/default/production/mcc_generated_files/device_config.o
 .debug_aranges
                0x000000d0       0x48 build/default/production/mcc_generated_files/mcc.o
 .debug_aranges
                0x00000118       0x20 build/default/production/main.o
 .debug_aranges
                0x00000138       0x38 build/default/production/stepper.o
 .debug_aranges
                0x00000170       0x40 build/default/production/actuator.o
 .debug_aranges
                0x000001b0       0x48 build/default/production/wire.o

.debug_pubnames
 *(.debug_pubnames)

.debug_info     0x00000000     0x594f
 *(.debug_info .gnu.linkonce.wi.*)
 .debug_info    0x00000000     0x248a C:/Program Files (x86)/Microchip/MPLABX/v5.25/packs/Microchip/ATmega_DFP/2.0.12/gcc/dev/atmega4809/avrxmega3/crtatmega4809.o
 .debug_info    0x0000248a      0xa8f build/default/production/mcc_generated_files/src/pin_manager.o
 .debug_info    0x00002f19      0x3b7 build/default/production/mcc_generated_files/src/cpuint.o
 .debug_info    0x000032d0       0x77 build/default/production/mcc_generated_files/src/protected_io.o
 .debug_info    0x00003347      0x7cb build/default/production/mcc_generated_files/device_config.o
 .debug_info    0x00003b12      0xac9 build/default/production/mcc_generated_files/mcc.o
 .debug_info    0x000045db      0x2f1 build/default/production/main.o
 .debug_info    0x000048cc      0x497 build/default/production/stepper.o
 .debug_info    0x00004d63      0x502 build/default/production/actuator.o
 .debug_info    0x00005265      0x6ea build/default/production/wire.o

.debug_abbrev   0x00000000     0x2ac3
 *(.debug_abbrev)
 .debug_abbrev  0x00000000     0x2296 C:/Program Files (x86)/Microchip/MPLABX/v5.25/packs/Microchip/ATmega_DFP/2.0.12/gcc/dev/atmega4809/avrxmega3/crtatmega4809.o
 .debug_abbrev  0x00002296      0x14e build/default/production/mcc_generated_files/src/pin_manager.o
 .debug_abbrev  0x000023e4       0xfa build/default/production/mcc_generated_files/src/cpuint.o
 .debug_abbrev  0x000024de       0x14 build/default/production/mcc_generated_files/src/protected_io.o
 .debug_abbrev  0x000024f2       0x85 build/default/production/mcc_generated_files/device_config.o
 .debug_abbrev  0x00002577      0x157 build/default/production/mcc_generated_files/mcc.o
 .debug_abbrev  0x000026ce       0x88 build/default/production/main.o
 .debug_abbrev  0x00002756      0x121 build/default/production/stepper.o
 .debug_abbrev  0x00002877      0x126 build/default/production/actuator.o
 .debug_abbrev  0x0000299d      0x126 build/default/production/wire.o

.debug_line     0x00000000      0xfa9
 *(.debug_line .debug_line.* .debug_line_end)
 .debug_line    0x00000000      0x187 C:/Program Files (x86)/Microchip/MPLABX/v5.25/packs/Microchip/ATmega_DFP/2.0.12/gcc/dev/atmega4809/avrxmega3/crtatmega4809.o
 .debug_line    0x00000187      0x3da build/default/production/mcc_generated_files/src/pin_manager.o
 .debug_line    0x00000561      0x186 build/default/production/mcc_generated_files/src/cpuint.o
 .debug_line    0x000006e7       0x66 build/default/production/mcc_generated_files/src/protected_io.o
 .debug_line    0x0000074d       0xf1 build/default/production/mcc_generated_files/device_config.o
 .debug_line    0x0000083e      0x242 build/default/production/mcc_generated_files/mcc.o
 .debug_line    0x00000a80       0x93 build/default/production/main.o
 .debug_line    0x00000b13      0x1bf build/default/production/stepper.o
 .debug_line    0x00000cd2      0x164 build/default/production/actuator.o
 .debug_line    0x00000e36      0x173 build/default/production/wire.o

.debug_frame    0x00000000      0x328
 *(.debug_frame)
 .debug_frame   0x00000000       0xe0 build/default/production/mcc_generated_files/src/pin_manager.o
 .debug_frame   0x000000e0       0x24 build/default/production/mcc_generated_files/src/cpuint.o
 .debug_frame   0x00000104       0x84 build/default/production/mcc_generated_files/mcc.o
 .debug_frame   0x00000188       0x24 build/default/production/main.o
 .debug_frame   0x000001ac       0xa4 build/default/production/stepper.o
 .debug_frame   0x00000250       0x64 build/default/production/actuator.o
 .debug_frame   0x000002b4       0x74 build/default/production/wire.o

.debug_str      0x00000000     0x1105
 *(.debug_str)
 .debug_str     0x00000000      0xf85 C:/Program Files (x86)/Microchip/MPLABX/v5.25/packs/Microchip/ATmega_DFP/2.0.12/gcc/dev/atmega4809/avrxmega3/crtatmega4809.o
 .debug_str     0x00000f85       0x57 build/default/production/mcc_generated_files/src/pin_manager.o
 .debug_str     0x00000fdc       0x13 build/default/production/mcc_generated_files/src/cpuint.o
 .debug_str     0x00000fef        0x0 build/default/production/mcc_generated_files/device_config.o
 .debug_str     0x00000fef       0xac build/default/production/mcc_generated_files/mcc.o
 .debug_str     0x0000109b       0x34 build/default/production/main.o
 .debug_str     0x000010cf       0x11 build/default/production/stepper.o
 .debug_str     0x000010e0        0xf build/default/production/actuator.o
 .debug_str     0x000010ef       0x16 build/default/production/wire.o

.debug_loc      0x00000000      0x7ba
 *(.debug_loc)
 .debug_loc     0x00000000       0x78 build/default/production/mcc_generated_files/src/pin_manager.o
 .debug_loc     0x00000078       0x2a build/default/production/mcc_generated_files/src/cpuint.o
 .debug_loc     0x000000a2      0x172 build/default/production/mcc_generated_files/mcc.o
 .debug_loc     0x00000214      0x370 build/default/production/stepper.o
 .debug_loc     0x00000584      0x1c4 build/default/production/actuator.o
 .debug_loc     0x00000748       0x72 build/default/production/wire.o

.debug_macinfo
 *(.debug_macinfo)

.debug_weaknames
 *(.debug_weaknames)

.debug_funcnames
 *(.debug_funcnames)

.debug_typenames
 *(.debug_typenames)

.debug_varnames
 *(.debug_varnames)

.debug_pubtypes
 *(.debug_pubtypes)

.debug_ranges   0x00000000      0x150
 *(.debug_ranges)
 .debug_ranges  0x00000000       0x68 build/default/production/mcc_generated_files/src/pin_manager.o
 .debug_ranges  0x00000068       0x10 build/default/production/mcc_generated_files/src/cpuint.o
 .debug_ranges  0x00000078       0x38 build/default/production/mcc_generated_files/mcc.o
 .debug_ranges  0x000000b0       0x10 build/default/production/main.o
 .debug_ranges  0x000000c0       0x28 build/default/production/stepper.o
 .debug_ranges  0x000000e8       0x30 build/default/production/actuator.o
 .debug_ranges  0x00000118       0x38 build/default/production/wire.o

.debug_macro
 *(.debug_macro)
OUTPUT(dist/default/production/StepperControl.X.production.elf elf32-avr)
LOAD linker stubs
LOAD data_init

.note.gnu.avr.deviceinfo
                0x00000000       0x40
 .note.gnu.avr.deviceinfo
                0x00000000       0x40 C:/Program Files (x86)/Microchip/MPLABX/v5.25/packs/Microchip/ATmega_DFP/2.0.12/gcc/dev/atmega4809/avrxmega3/crtatmega4809.o

.text.PIN_MANAGER_Initialize
                0x000000f4       0xec
 .text.PIN_MANAGER_Initialize
                0x000000f4       0xec build/default/production/mcc_generated_files/src/pin_manager.o
                0x000000f4                PIN_MANAGER_Initialize

.text.PORT_Initialize
                0x000001e0       0x6e
 .text.PORT_Initialize
                0x000001e0       0x6e build/default/production/mcc_generated_files/src/pin_manager.o
                0x000001e0                PORT_Initialize

.text.cw_turn   0x0000024e       0x62
 .text.cw_turn  0x0000024e       0x62 build/default/production/stepper.o
                0x0000024e                cw_turn

.text.cc_turn   0x000002b0       0x62
 .text.cc_turn  0x000002b0       0x62 build/default/production/stepper.o
                0x000002b0                cc_turn

.text.CLKCTRL_Initialize
                0x00000312       0x4c
 .text.CLKCTRL_Initialize
                0x00000312       0x4c build/default/production/mcc_generated_files/mcc.o
                0x00000312                CLKCTRL_Initialize

.text.actuator_pulse
                0x0000035e       0x42
 .text.actuator_pulse
                0x0000035e       0x42 build/default/production/actuator.o
                0x0000035e                actuator_pulse

.text.cw_step   0x000003a0       0x32
 .text.cw_step  0x000003a0       0x32 build/default/production/stepper.o
                0x000003a0                cw_step

.text.cc_step   0x000003d2       0x32
 .text.cc_step  0x000003d2       0x32 build/default/production/stepper.o
                0x000003d2                cc_step

.text.main      0x00000404       0x22
 .text.main     0x00000404       0x22 build/default/production/main.o
                0x00000404                main

.text.__vector_2
                0x00000426       0x1e
 .text.__vector_2
                0x00000426       0x1e build/default/production/mcc_generated_files/mcc.o
                0x00000426                __vector_2

.text.SYSTEM_Initialize
                0x00000444       0x1a
 .text.SYSTEM_Initialize
                0x00000444       0x1a build/default/production/mcc_generated_files/mcc.o
                0x00000444                SYSTEM_Initialize

.text.CPUINT_Initialize
                0x0000045e       0x18
 .text.CPUINT_Initialize
                0x0000045e       0x18 build/default/production/mcc_generated_files/src/cpuint.o
                0x0000045e                CPUINT_Initialize

.text.BOD_Initialize
                0x00000476       0x18
 .text.BOD_Initialize
                0x00000476       0x18 build/default/production/mcc_generated_files/mcc.o
                0x00000476                BOD_Initialize

.text.extrude   0x0000048e       0x12
 .text.extrude  0x0000048e       0x12 build/default/production/wire.o
                0x0000048e                extrude

.text.retract   0x000004a0       0x12
 .text.retract  0x000004a0       0x12 build/default/production/wire.o
                0x000004a0                retract

.text.cut       0x000004b2       0x12
 .text.cut      0x000004b2       0x12 build/default/production/wire.o
                0x000004b2                cut

.text.SLPCTRL_Initialize
                0x000004c4       0x10
 .text.SLPCTRL_Initialize
                0x000004c4       0x10 build/default/production/mcc_generated_files/mcc.o
                0x000004c4                SLPCTRL_Initialize

.text.WDT_Initialize
                0x000004d4       0x10
 .text.WDT_Initialize
                0x000004d4       0x10 build/default/production/mcc_generated_files/mcc.o
                0x000004d4                WDT_Initialize

.text.extrude_min_step
                0x000004e4        0xa
 .text.extrude_min_step
                0x000004e4        0xa build/default/production/wire.o
                0x000004e4                extrude_min_step

.text.retract_min_step
                0x000004ee        0xa
 .text.retract_min_step
                0x000004ee        0xa build/default/production/wire.o
                0x000004ee                retract_min_step

.text.protected_write_io
                0x000004f8        0x8
 .text.protected_write_io
                0x000004f8        0x8 build/default/production/mcc_generated_files/src/protected_io.o
                0x000004f8                protected_write_io

.text           0x00000500        0x4
 .text          0x00000500        0x4 C:/Program Files (x86)/Microchip/MPLABX/v5.25/packs/Microchip/ATmega_DFP/2.0.12/gcc/dev/atmega4809/avrxmega3/crtatmega4809.o
                0x00000500                __vector_38
                0x00000500                __vector_22
                0x00000500                __vector_28
                0x00000500                __vector_1
                0x00000500                __vector_32
                0x00000500                __vector_34
                0x00000500                __vector_24
                0x00000500                __vector_12
                0x00000500                __bad_interrupt
                0x00000500                __vector_6
                0x00000500                __vector_31
                0x00000500                __vector_35
                0x00000500                __vector_39
                0x00000500                __vector_3
                0x00000500                __vector_23
                0x00000500                __vector_30
                0x00000500                __vector_25
                0x00000500                __vector_11
                0x00000500                __vector_13
                0x00000500                __vector_17
                0x00000500                __vector_19
                0x00000500                __vector_7
                0x00000500                __vector_27
                0x00000500                __vector_5
                0x00000500                __vector_33
                0x00000500                __vector_37
                0x00000500                __vector_4
                0x00000500                __vector_9
                0x00000500                __vector_21
                0x00000500                __vector_15
                0x00000500                __vector_36
                0x00000500                __vector_29
                0x00000500                __vector_8
                0x00000500                __vector_26
                0x00000500                __vector_14
                0x00000500                __vector_10
                0x00000500                __vector_16
                0x00000500                __vector_18
                0x00000500                __vector_20
